Archive member included to satisfy reference by file (symbol)

/usr/lib/gcc/arm-none-eabi/10.3.1/../../../arm-none-eabi/lib/thumb/v7e-m+fp/hard/libc_nano.a(lib_a-atexit.o)
                              /usr/lib/gcc/arm-none-eabi/10.3.1/../../../arm-none-eabi/lib/thumb/v7e-m+fp/hard/crt0.o (atexit)
/usr/lib/gcc/arm-none-eabi/10.3.1/../../../arm-none-eabi/lib/thumb/v7e-m+fp/hard/libc_nano.a(lib_a-exit.o)
                              /usr/lib/gcc/arm-none-eabi/10.3.1/../../../arm-none-eabi/lib/thumb/v7e-m+fp/hard/crt0.o (exit)
/usr/lib/gcc/arm-none-eabi/10.3.1/../../../arm-none-eabi/lib/thumb/v7e-m+fp/hard/libc_nano.a(lib_a-fini.o)
                              /usr/lib/gcc/arm-none-eabi/10.3.1/../../../arm-none-eabi/lib/thumb/v7e-m+fp/hard/crt0.o (__libc_fini_array)
/usr/lib/gcc/arm-none-eabi/10.3.1/../../../arm-none-eabi/lib/thumb/v7e-m+fp/hard/libc_nano.a(lib_a-impure.o)
                              /usr/lib/gcc/arm-none-eabi/10.3.1/../../../arm-none-eabi/lib/thumb/v7e-m+fp/hard/libc_nano.a(lib_a-exit.o) (_global_impure_ptr)
/usr/lib/gcc/arm-none-eabi/10.3.1/../../../arm-none-eabi/lib/thumb/v7e-m+fp/hard/libc_nano.a(lib_a-init.o)
                              /usr/lib/gcc/arm-none-eabi/10.3.1/../../../arm-none-eabi/lib/thumb/v7e-m+fp/hard/crt0.o (__libc_init_array)
/usr/lib/gcc/arm-none-eabi/10.3.1/../../../arm-none-eabi/lib/thumb/v7e-m+fp/hard/libc_nano.a(lib_a-malloc.o)
                              build/heap_3.o (malloc)
/usr/lib/gcc/arm-none-eabi/10.3.1/../../../arm-none-eabi/lib/thumb/v7e-m+fp/hard/libc_nano.a(lib_a-memcpy.o)
                              build/queue.o (memcpy)
/usr/lib/gcc/arm-none-eabi/10.3.1/../../../arm-none-eabi/lib/thumb/v7e-m+fp/hard/libc_nano.a(lib_a-memset.o)
                              /usr/lib/gcc/arm-none-eabi/10.3.1/../../../arm-none-eabi/lib/thumb/v7e-m+fp/hard/crt0.o (memset)
/usr/lib/gcc/arm-none-eabi/10.3.1/../../../arm-none-eabi/lib/thumb/v7e-m+fp/hard/libc_nano.a(lib_a-nano-freer.o)
                              /usr/lib/gcc/arm-none-eabi/10.3.1/../../../arm-none-eabi/lib/thumb/v7e-m+fp/hard/libc_nano.a(lib_a-malloc.o) (_free_r)
/usr/lib/gcc/arm-none-eabi/10.3.1/../../../arm-none-eabi/lib/thumb/v7e-m+fp/hard/libc_nano.a(lib_a-nano-mallocr.o)
                              /usr/lib/gcc/arm-none-eabi/10.3.1/../../../arm-none-eabi/lib/thumb/v7e-m+fp/hard/libc_nano.a(lib_a-malloc.o) (_malloc_r)
/usr/lib/gcc/arm-none-eabi/10.3.1/../../../arm-none-eabi/lib/thumb/v7e-m+fp/hard/libc_nano.a(lib_a-printf.o)
                              build/main.o (printf)
/usr/lib/gcc/arm-none-eabi/10.3.1/../../../arm-none-eabi/lib/thumb/v7e-m+fp/hard/libc_nano.a(lib_a-sbrkr.o)
                              /usr/lib/gcc/arm-none-eabi/10.3.1/../../../arm-none-eabi/lib/thumb/v7e-m+fp/hard/libc_nano.a(lib_a-nano-mallocr.o) (_sbrk_r)
/usr/lib/gcc/arm-none-eabi/10.3.1/../../../arm-none-eabi/lib/thumb/v7e-m+fp/hard/libc_nano.a(lib_a-__atexit.o)
                              /usr/lib/gcc/arm-none-eabi/10.3.1/../../../arm-none-eabi/lib/thumb/v7e-m+fp/hard/libc_nano.a(lib_a-atexit.o) (__register_exitproc)
/usr/lib/gcc/arm-none-eabi/10.3.1/../../../arm-none-eabi/lib/thumb/v7e-m+fp/hard/libc_nano.a(lib_a-__call_atexit.o)
                              /usr/lib/gcc/arm-none-eabi/10.3.1/../../../arm-none-eabi/lib/thumb/v7e-m+fp/hard/libc_nano.a(lib_a-__atexit.o) (__call_exitprocs)
/usr/lib/gcc/arm-none-eabi/10.3.1/../../../arm-none-eabi/lib/thumb/v7e-m+fp/hard/libc_nano.a(lib_a-findfp.o)
                              /usr/lib/gcc/arm-none-eabi/10.3.1/../../../arm-none-eabi/lib/thumb/v7e-m+fp/hard/libc_nano.a(lib_a-printf.o) (__sinit)
/usr/lib/gcc/arm-none-eabi/10.3.1/../../../arm-none-eabi/lib/thumb/v7e-m+fp/hard/libc_nano.a(lib_a-fwalk.o)
                              /usr/lib/gcc/arm-none-eabi/10.3.1/../../../arm-none-eabi/lib/thumb/v7e-m+fp/hard/libc_nano.a(lib_a-findfp.o) (_fwalk)
/usr/lib/gcc/arm-none-eabi/10.3.1/../../../arm-none-eabi/lib/thumb/v7e-m+fp/hard/libc_nano.a(lib_a-mlock.o)
                              /usr/lib/gcc/arm-none-eabi/10.3.1/../../../arm-none-eabi/lib/thumb/v7e-m+fp/hard/libc_nano.a(lib_a-nano-freer.o) (__malloc_lock)
/usr/lib/gcc/arm-none-eabi/10.3.1/../../../arm-none-eabi/lib/thumb/v7e-m+fp/hard/libc_nano.a(lib_a-nano-vfprintf.o)
                              /usr/lib/gcc/arm-none-eabi/10.3.1/../../../arm-none-eabi/lib/thumb/v7e-m+fp/hard/libc_nano.a(lib_a-printf.o) (_vfprintf_r)
/usr/lib/gcc/arm-none-eabi/10.3.1/../../../arm-none-eabi/lib/thumb/v7e-m+fp/hard/libc_nano.a(lib_a-nano-vfprintf_i.o)
                              /usr/lib/gcc/arm-none-eabi/10.3.1/../../../arm-none-eabi/lib/thumb/v7e-m+fp/hard/libc_nano.a(lib_a-nano-vfprintf.o) (_printf_i)
/usr/lib/gcc/arm-none-eabi/10.3.1/../../../arm-none-eabi/lib/thumb/v7e-m+fp/hard/libc_nano.a(lib_a-reent.o)
                              /usr/lib/gcc/arm-none-eabi/10.3.1/../../../arm-none-eabi/lib/thumb/v7e-m+fp/hard/libc_nano.a(lib_a-sbrkr.o) (errno)
[...]
Memory Configuration

Name             Origin             Length             Attributes
FLASH            0x0000000008000000 0x0000000000010000 xr
RAM              0x0000000020000000 0x0000000000004000 xrw
*default*        0x0000000000000000 0xffffffffffffffff

Linker script and memory map

LOAD /usr/lib/gcc/arm-none-eabi/10.3.1/thumb/v7e-m+fp/hard/crti.o
LOAD /usr/lib/gcc/arm-none-eabi/10.3.1/thumb/v7e-m+fp/hard/crtbegin.o
LOAD /usr/lib/gcc/arm-none-eabi/10.3.1/../../../arm-none-eabi/lib/thumb/v7e-m+fp/hard/crt0.o
LOAD build/control.o
LOAD build/remote_task.o
LOAD build/filter.o
LOAD build/main.o
LOAD build/quaternion.o
LOAD build/pid.o
LOAD build/at32f4xx_it.o
LOAD build/circular_queue.o
LOAD build/common.o
LOAD build/system_at32f4xx.o
LOAD build/led.o
LOAD build/led_cfg.o
LOAD build/remote_data.o
LOAD build/spl06.o
LOAD build/spl06_cfg.o
LOAD build/motor_config.o
LOAD build/motor.o
LOAD build/bmp280.o
LOAD build/bmp280_cfg.o
LOAD build/mpu6050_config.o
LOAD build/mpu6050.o
LOAD build/pwm_hal.o
LOAD build/pwm_hal_config.o
LOAD build/simulation_i2c_config.o
LOAD build/simulation_i2c.o
LOAD build/usart_hal_config.o
LOAD build/usart_hal.o
LOAD build/i2c_hal.o
LOAD build/i2c_hal_config.o
LOAD build/timer_config.o
LOAD build/dma_config.o
LOAD build/usart_config.o
LOAD build/rcc_config.o
LOAD build/gpio_config.o
LOAD build/at32f4xx_acc.o
LOAD build/at32f4xx_bkp.o
LOAD build/at32f4xx_crc.o
LOAD build/at32f4xx_adc.o
LOAD build/at32f4xx_eth.o
LOAD build/at32f4xx_comp.o
LOAD build/at32f4xx_rcc.o
LOAD build/at32f4xx_gpio.o
LOAD build/at32f4xx_rtc.o
LOAD build/at32f4xx_dac.o
LOAD build/at32f4xx_exti.o
LOAD build/at32f4xx_sdio.o
LOAD build/at32f4xx_gpio_ex.o
LOAD build/at32f4xx_dbgmcu.o
LOAD build/at32f4xx_pwr.o
LOAD build/at32f4xx_ertc.o
LOAD build/at32f4xx_flash.o
LOAD build/at32f4xx_xmc.o
LOAD build/at32f4xx_iwdg.o
LOAD build/at32f4xx_can.o
LOAD build/at32f4xx_dma.o
LOAD build/at32f4xx_syscfg.o
LOAD build/at32f4xx_tim.o
LOAD build/at32f4xx_wwdg.o
LOAD build/misc.o
LOAD build/at32f4xx_spi.o
LOAD build/at32f4xx_usart.o
LOAD build/at32f4xx_i2c.o
LOAD build/ibus.o
LOAD build/port.o
LOAD build/list.o
LOAD build/queue.o
LOAD build/tasks.o
LOAD build/heap_3.o
LOAD build/startup_at32f421c8t7.o
LOAD /usr/lib/gcc/arm-none-eabi/10.3.1/../../../arm-none-eabi/lib/thumb/v7e-m+fp/hard/libc_nano.a
LOAD /usr/lib/gcc/arm-none-eabi/10.3.1/../../../arm-none-eabi/lib/thumb/v7e-m+fp/hard/libm.a
LOAD /usr/lib/gcc/arm-none-eabi/10.3.1/../../../arm-none-eabi/lib/thumb/v7e-m+fp/hard/libnosys.a
START GROUP
LOAD /usr/lib/gcc/arm-none-eabi/10.3.1/thumb/v7e-m+fp/hard/libgcc.a
LOAD /usr/lib/gcc/arm-none-eabi/10.3.1/../../../arm-none-eabi/lib/thumb/v7e-m+fp/hard/libc_nano.a
END GROUP
START GROUP
LOAD /usr/lib/gcc/arm-none-eabi/10.3.1/thumb/v7e-m+fp/hard/libgcc.a
LOAD /usr/lib/gcc/arm-none-eabi/10.3.1/../../../arm-none-eabi/lib/thumb/v7e-m+fp/hard/libc_nano.a
END GROUP
LOAD /usr/lib/gcc/arm-none-eabi/10.3.1/thumb/v7e-m+fp/hard/crtend.o
LOAD /usr/lib/gcc/arm-none-eabi/10.3.1/thumb/v7e-m+fp/hard/crtn.o
                0x0000000020003fff                _estack = 0x20003fff
                0x0000000000000200                _Min_Heap_Size = 0x200
                0x0000000000000400                _Min_Stack_Size = 0x400

.isr_vector     0x0000000008000000       0xc4
                0x0000000008000000                . = ALIGN (0x4)
 *(.isr_vector)
 .isr_vector    0x0000000008000000       0xc4 build/startup_at32f421c8t7.o
                0x0000000008000000                g_pfnVectors
                0x00000000080000c4                . = ALIGN (0x4)

.text           0x00000000080000d0     0x70f8
                0x00000000080000d0                . = ALIGN (0x4)
 *(.text)
 .text          0x00000000080000d0       0x88 /usr/lib/gcc/arm-none-eabi/10.3.1/thumb/v7e-m+fp/hard/crtbegin.o
 .text          0x0000000008000158       0x20 /usr/lib/gcc/arm-none-eabi/10.3.1/../../../arm-none-eabi/lib/thumb/v7e-m+fp/hard/libc_nano.a(lib_a-malloc.o)
                0x0000000008000158                malloc
                0x0000000008000168                free
 .text          0x0000000008000178      0x134 /usr/lib/gcc/arm-none-eabi/10.3.1/../../../arm-none-eabi/lib/thumb/v7e-m+fp/hard/libc_nano.a(lib_a-memcpy.o)
                0x0000000008000178                memcpy
 .text          0x00000000080002ac       0xa4 /usr/lib/gcc/arm-none-eabi/10.3.1/../../../arm-none-eabi/lib/thumb/v7e-m+fp/hard/libc_nano.a(lib_a-memset.o)
                0x00000000080002ac                memset
 .text          0x0000000008000350       0xc4 /usr/lib/gcc/arm-none-eabi/10.3.1/../../../arm-none-eabi/lib/thumb/v7e-m+fp/hard/libc_nano.a(lib_a-nano-freer.o)
                0x0000000008000350                _free_r
 .text          0x0000000008000414       0xb4 /usr/lib/gcc/arm-none-eabi/10.3.1/../../../arm-none-eabi/lib/thumb/v7e-m+fp/hard/libc_nano.a(lib_a-nano-mallocr.o)
                0x0000000008000414                _malloc_r
 .text          0x00000000080004c8       0x60 /usr/lib/gcc/arm-none-eabi/10.3.1/../../../arm-none-eabi/lib/thumb/v7e-m+fp/hard/libc_nano.a(lib_a-printf.o)
                0x00000000080004c8                _printf_r
                0x00000000080004c8                _iprintf_r
                0x00000000080004f4                printf
                0x00000000080004f4                iprintf
 .text          0x0000000008000528       0x24 /usr/lib/gcc/arm-none-eabi/10.3.1/../../../arm-none-eabi/lib/thumb/v7e-m+fp/hard/libc_nano.a(lib_a-sbrkr.o)
                0x0000000008000528                _sbrk_r
 .text          0x000000000800054c      0x238 /usr/lib/gcc/arm-none-eabi/10.3.1/../../../arm-none-eabi/lib/thumb/v7e-m+fp/hard/libc_nano.a(lib_a-findfp.o)
                0x0000000008000550                _cleanup_r
                0x0000000008000560                __sfmoreglue
                0x0000000008000590                __sfp
                0x0000000008000730                _cleanup
                0x0000000008000744                __sinit
                0x000000000800074c                __sfp_lock_acquire
                0x0000000008000750                __sfp_lock_release
                0x0000000008000754                __sinit_lock_acquire
                0x0000000008000758                __sinit_lock_release
                0x000000000800075c                __fp_lock_all
                0x0000000008000770                __fp_unlock_all
 .text          0x0000000008000784       0x88 /usr/lib/gcc/arm-none-eabi/10.3.1/../../../arm-none-eabi/lib/thumb/v7e-m+fp/hard/libc_nano.a(lib_a-fwalk.o)
                0x0000000008000784                _fwalk
                0x00000000080007c4                _fwalk_reent
 .text          0x000000000800080c        0x8 /usr/lib/gcc/arm-none-eabi/10.3.1/../../../arm-none-eabi/lib/thumb/v7e-m+fp/hard/libc_nano.a(lib_a-mlock.o)
                0x000000000800080c                __malloc_lock
                0x0000000008000810                __malloc_unlock
 .text          0x0000000008000814      0x328 /usr/lib/gcc/arm-none-eabi/10.3.1/../../../arm-none-eabi/lib/thumb/v7e-m+fp/hard/libc_nano.a(lib_a-nano-vfprintf.o)
                0x0000000008000850                __sfputs_r
                0x0000000008000880                __sprint_r
                0x000000000800089c                _vfiprintf_r
                0x000000000800089c                _vfprintf_r
                0x0000000008000b20                vfiprintf
                0x0000000008000b20                vfprintf
 .text          0x0000000008000b3c      0x3dc /usr/lib/gcc/arm-none-eabi/10.3.1/../../../arm-none-eabi/lib/thumb/v7e-m+fp/hard/libc_nano.a(lib_a-nano-vfprintf_i.o)
                0x0000000008000b3c                _printf_common
                0x0000000008000c68                _printf_i
 .text          0x0000000008000f18       0x90 /usr/lib/gcc/arm-none-eabi/10.3.1/../../../arm-none-eabi/lib/thumb/v7e-m+fp/hard/libc_nano.a(lib_a-stdio.o)
                0x0000000008000f18                __sread
                0x0000000008000f3c                __seofread
                0x0000000008000f40                __swrite
                0x0000000008000f80                __sseek
                0x0000000008000fa0                __sclose
 .text          0x0000000008000fa8       0xc8 /usr/lib/gcc/arm-none-eabi/10.3.1/../../../arm-none-eabi/lib/thumb/v7e-m+fp/hard/libc_nano.a(lib_a-wbuf.o)
                0x0000000008000fa8                __swbuf_r
                0x0000000008001058                __swbuf
 .text          0x0000000008001070       0x2c /usr/lib/gcc/arm-none-eabi/10.3.1/../../../arm-none-eabi/lib/thumb/v7e-m+fp/hard/libc_nano.a(lib_a-writer.o)
                0x0000000008001070                _write_r
 .text          0x000000000800109c      0x104 /usr/lib/gcc/arm-none-eabi/10.3.1/../../../arm-none-eabi/lib/thumb/v7e-m+fp/hard/libc_nano.a(lib_a-wsetup.o)
                0x000000000800109c                __swsetup_r
 .text          0x00000000080011a0       0x24 /usr/lib/gcc/arm-none-eabi/10.3.1/../../../arm-none-eabi/lib/thumb/v7e-m+fp/hard/libc_nano.a(lib_a-closer.o)
                0x00000000080011a0                _close_r
 .text          0x00000000080011c4      0x1e8 /usr/lib/gcc/arm-none-eabi/10.3.1/../../../arm-none-eabi/lib/thumb/v7e-m+fp/hard/libc_nano.a(lib_a-fflush.o)
                0x00000000080011c4                __sflush_r
                0x00000000080012d8                _fflush_r
                0x000000000800132c                fflush
 .text          0x00000000080013ac      0x2f0 /usr/lib/gcc/arm-none-eabi/10.3.1/../../../arm-none-eabi/lib/thumb/v7e-m+fp/hard/libc_nano.a(lib_a-fvwrite.o)
                0x00000000080013ac                __sfvwrite_r
 .text          0x000000000800169c       0x2c /usr/lib/gcc/arm-none-eabi/10.3.1/../../../arm-none-eabi/lib/thumb/v7e-m+fp/hard/libc_nano.a(lib_a-lseekr.o)
                0x000000000800169c                _lseek_r
 .text          0x00000000080016c8      0x11c /usr/lib/gcc/arm-none-eabi/10.3.1/../../../arm-none-eabi/lib/thumb/v7e-m+fp/hard/libc_nano.a(lib_a-makebuf.o)
                0x00000000080016c8                __smakebuf_r
                0x0000000008001788                __swhatbuf_r
 *fill*         0x00000000080017e4        0xc 
 .text          0x00000000080017f0       0xa0 /usr/lib/gcc/arm-none-eabi/10.3.1/../../../arm-none-eabi/lib/thumb/v7e-m+fp/hard/libc_nano.a(lib_a-memchr.o)
                0x00000000080017f0                memchr
 .text          0x0000000008001890       0xf8 /usr/lib/gcc/arm-none-eabi/10.3.1/../../../arm-none-eabi/lib/thumb/v7e-m+fp/hard/libc_nano.a(lib_a-memmove.o)
                0x0000000008001890                memmove
 .text          0x0000000008001988       0x50 /usr/lib/gcc/arm-none-eabi/10.3.1/../../../arm-none-eabi/lib/thumb/v7e-m+fp/hard/libc_nano.a(lib_a-nano-reallocr.o)
                0x0000000008001988                _realloc_r
 .text          0x00000000080019d8       0x2c /usr/lib/gcc/arm-none-eabi/10.3.1/../../../arm-none-eabi/lib/thumb/v7e-m+fp/hard/libc_nano.a(lib_a-readr.o)
                0x00000000080019d8                _read_r
 .text          0x0000000008001a04       0x2c /usr/lib/gcc/arm-none-eabi/10.3.1/../../../arm-none-eabi/lib/thumb/v7e-m+fp/hard/libc_nano.a(lib_a-fstatr.o)
                0x0000000008001a04                _fstat_r
 .text          0x0000000008001a30       0x24 /usr/lib/gcc/arm-none-eabi/10.3.1/../../../arm-none-eabi/lib/thumb/v7e-m+fp/hard/libc_nano.a(lib_a-isattyr.o)
                0x0000000008001a30                _isatty_r
 .text          0x0000000008001a54       0x14 /usr/lib/gcc/arm-none-eabi/10.3.1/../../../arm-none-eabi/lib/thumb/v7e-m+fp/hard/libc_nano.a(lib_a-nano-msizer.o)
                0x0000000008001a54                _malloc_usable_size_r
 .text          0x0000000008001a68       0x68 /usr/lib/gcc/arm-none-eabi/10.3.1/../../../arm-none-eabi/lib/thumb/v7e-m+fp/hard/libm.a(lib_a-wf_asin.o)
                0x0000000008001a68                asinf
 .text          0x0000000008001ad0        0x4 /usr/lib/gcc/arm-none-eabi/10.3.1/../../../arm-none-eabi/lib/thumb/v7e-m+fp/hard/libm.a(lib_a-wf_atan2.o)
                0x0000000008001ad0                atan2f
 .text          0x0000000008001ad4      0x140 /usr/lib/gcc/arm-none-eabi/10.3.1/../../../arm-none-eabi/lib/thumb/v7e-m+fp/hard/libm.a(lib_a-wf_pow.o)
                0x0000000008001ad4                powf
 .text          0x0000000008001c14      0x20c /usr/lib/gcc/arm-none-eabi/10.3.1/../../../arm-none-eabi/lib/thumb/v7e-m+fp/hard/libm.a(lib_a-ef_asin.o)
                0x0000000008001c14                __ieee754_asinf
 .text          0x0000000008001e20      0x14c /usr/lib/gcc/arm-none-eabi/10.3.1/../../../arm-none-eabi/lib/thumb/v7e-m+fp/hard/libm.a(lib_a-ef_atan2.o)
                0x0000000008001e20                __ieee754_atan2f
 .text          0x0000000008001f6c      0x5f4 /usr/lib/gcc/arm-none-eabi/10.3.1/../../../arm-none-eabi/lib/thumb/v7e-m+fp/hard/libm.a(lib_a-ef_pow.o)
                0x0000000008001f6c                __ieee754_powf
 .text          0x0000000008002560        0x8 /usr/lib/gcc/arm-none-eabi/10.3.1/../../../arm-none-eabi/lib/thumb/v7e-m+fp/hard/libm.a(lib_a-ef_sqrt.o)
                0x0000000008002560                __ieee754_sqrtf
 .text          0x0000000008002568      0x1a8 /usr/lib/gcc/arm-none-eabi/10.3.1/../../../arm-none-eabi/lib/thumb/v7e-m+fp/hard/libm.a(lib_a-sf_atan.o)
                0x0000000008002568                atanf
 .text          0x0000000008002710       0x10 /usr/lib/gcc/arm-none-eabi/10.3.1/../../../arm-none-eabi/lib/thumb/v7e-m+fp/hard/libm.a(lib_a-sf_fabs.o)
                0x0000000008002710                fabsf
 .text          0x0000000008002720       0x1c /usr/lib/gcc/arm-none-eabi/10.3.1/../../../arm-none-eabi/lib/thumb/v7e-m+fp/hard/libm.a(lib_a-sf_finite.o)
                0x0000000008002720                finitef
 .text          0x000000000800273c        0xc /usr/lib/gcc/arm-none-eabi/10.3.1/../../../arm-none-eabi/lib/thumb/v7e-m+fp/hard/libm.a(lib_a-sf_nan.o)
                0x000000000800273c                nanf
 .text          0x0000000008002748       0xbc /usr/lib/gcc/arm-none-eabi/10.3.1/../../../arm-none-eabi/lib/thumb/v7e-m+fp/hard/libm.a(lib_a-sf_rint.o)
                0x0000000008002748                rintf
 .text          0x0000000008002804       0xe4 /usr/lib/gcc/arm-none-eabi/10.3.1/../../../arm-none-eabi/lib/thumb/v7e-m+fp/hard/libm.a(lib_a-sf_scalbn.o)
                0x0000000008002804                scalbnf
 .text          0x00000000080028e8       0x10 /usr/lib/gcc/arm-none-eabi/10.3.1/../../../arm-none-eabi/lib/thumb/v7e-m+fp/hard/libnosys.a(close.o)
                0x00000000080028e8                _close
 .text          0x00000000080028f8       0x10 /usr/lib/gcc/arm-none-eabi/10.3.1/../../../arm-none-eabi/lib/thumb/v7e-m+fp/hard/libnosys.a(fstat.o)
                0x00000000080028f8                _fstat
 .text          0x0000000008002908       0x10 /usr/lib/gcc/arm-none-eabi/10.3.1/../../../arm-none-eabi/lib/thumb/v7e-m+fp/hard/libnosys.a(isatty.o)
                0x0000000008002908                _isatty
 .text          0x0000000008002918       0x10 /usr/lib/gcc/arm-none-eabi/10.3.1/../../../arm-none-eabi/lib/thumb/v7e-m+fp/hard/libnosys.a(lseek.o)
                0x0000000008002918                _lseek
 .text          0x0000000008002928       0x10 /usr/lib/gcc/arm-none-eabi/10.3.1/../../../arm-none-eabi/lib/thumb/v7e-m+fp/hard/libnosys.a(read.o)
                0x0000000008002928                _read
 .text          0x0000000008002938       0x1c /usr/lib/gcc/arm-none-eabi/10.3.1/../../../arm-none-eabi/lib/thumb/v7e-m+fp/hard/libnosys.a(sbrk.o)
                0x0000000008002938                _sbrk
 .text          0x0000000008002954       0x10 /usr/lib/gcc/arm-none-eabi/10.3.1/../../../arm-none-eabi/lib/thumb/v7e-m+fp/hard/libnosys.a(write.o)
                0x0000000008002954                _write
 .text          0x0000000008002964      0x254 /usr/lib/gcc/arm-none-eabi/10.3.1/thumb/v7e-m+fp/hard/libgcc.a(_arm_muldf3.o)
                0x0000000008002964                __aeabi_dmul
                0x0000000008002964                __muldf3
 .text          0x0000000008002bb8      0x378 /usr/lib/gcc/arm-none-eabi/10.3.1/thumb/v7e-m+fp/hard/libgcc.a(_arm_addsubdf3.o)
                0x0000000008002bb8                __aeabi_drsub
                0x0000000008002bc0                __aeabi_dsub
                0x0000000008002bc0                __subdf3
                0x0000000008002bc4                __adddf3
                0x0000000008002bc4                __aeabi_dadd
                0x0000000008002e3c                __aeabi_ui2d
                0x0000000008002e3c                __floatunsidf
                0x0000000008002e5c                __floatsidf
                0x0000000008002e5c                __aeabi_i2d
                0x0000000008002e80                __extendsfdf2
                0x0000000008002e80                __aeabi_f2d
                0x0000000008002ec4                __aeabi_ul2d
                0x0000000008002ec4                __floatundidf
                0x0000000008002ed4                __floatdidf
                0x0000000008002ed4                __aeabi_l2d
 .text          0x0000000008002f30      0x110 /usr/lib/gcc/arm-none-eabi/10.3.1/thumb/v7e-m+fp/hard/libgcc.a(_arm_cmpdf2.o)
                0x0000000008002f30                __gtdf2
                0x0000000008002f30                __gedf2
                0x0000000008002f38                __ltdf2
                0x0000000008002f38                __ledf2
                0x0000000008002f40                __cmpdf2
                0x0000000008002f40                __eqdf2
                0x0000000008002f40                __nedf2
                0x0000000008002fbc                __aeabi_cdrcmple
                0x0000000008002fcc                __aeabi_cdcmple
                0x0000000008002fcc                __aeabi_cdcmpeq
                0x0000000008002fdc                __aeabi_dcmpeq
                0x0000000008002ff0                __aeabi_dcmplt
                0x0000000008003004                __aeabi_dcmple
                0x0000000008003018                __aeabi_dcmpge
                0x000000000800302c                __aeabi_dcmpgt
 .text          0x0000000008003040       0xa0 /usr/lib/gcc/arm-none-eabi/10.3.1/thumb/v7e-m+fp/hard/libgcc.a(_arm_truncdfsf2.o)
                0x0000000008003040                __aeabi_d2f
                0x0000000008003040                __truncdfsf2
 .text          0x00000000080030e0        0xc /usr/lib/gcc/arm-none-eabi/10.3.1/../../../arm-none-eabi/lib/thumb/v7e-m+fp/hard/libc_nano.a(lib_a-errno.o)
                0x00000000080030e0                __errno
 *(.text*)
 .text.PID_DItemFilterPitchRate
                0x00000000080030ec       0x10 build/control.o
 .text.PID_DItemFilterRollRate
                0x00000000080030fc       0x10 build/control.o
 .text.PID_DItemFilterYawRate
                0x000000000800310c       0x10 build/control.o
 .text.MotorStopAll
                0x000000000800311c       0x24 build/control.o
 .text.FilterInit
                0x0000000008003140       0xa4 build/control.o
                0x0000000008003140                FilterInit
 *fill*         0x00000000080031e4        0x4 
 .text.AttitudeControl
                0x00000000080031e8      0x1d0 build/control.o
                0x00000000080031e8                AttitudeControl
 .text.PressureToAltitude
                0x00000000080033b8       0x30 build/control.o
                0x00000000080033b8                PressureToAltitude
 .text.PositionFusion
                0x00000000080033e8      0x184 build/control.o
                0x00000000080033e8                PositionFusion
 .text.ControlTask
                0x000000000800356c      0x2d4 build/control.o
                0x000000000800356c                ControlTask
 .text.IBUSDataToRemoteData
                0x0000000008003840      0x110 build/remote_task.o
 .text.IBUSDataUpdate
                0x0000000008003950       0x5c build/remote_task.o
 .text.RemoteTask
                0x00000000080039ac        0xe build/remote_task.o
                0x00000000080039ac                RemoteTask
 *fill*         0x00000000080039ba        0x2 
 .text.sin_approx
                0x00000000080039bc       0xdc build/filter.o
                0x00000000080039bc                sin_approx
 .text.cos_approx
                0x0000000008003a98       0x14 build/filter.o
                0x0000000008003a98                cos_approx
 .text.biquadFilterInit
                0x0000000008003aac       0xd8 build/filter.o
                0x0000000008003aac                biquadFilterInit
 .text.biquad_filter_init_lpf
                0x0000000008003b84       0x14 build/filter.o
                0x0000000008003b84                biquad_filter_init_lpf
 .text.biquad_filter
                0x0000000008003b98       0x4e build/filter.o
                0x0000000008003b98                biquad_filter
 *fill*         0x0000000008003be6        0x2 
 .text.LEDTask  0x0000000008003be8       0x2c build/main.o
                0x0000000008003be8                LEDTask
 .text.PrintfTask
                0x0000000008003c14       0x70 build/main.o
                0x0000000008003c14                PrintfTask
 .text.main     0x0000000008003c84       0xec build/main.o
                0x0000000008003c84                main
 .text.InvSqrt  0x0000000008003d70       0x30 build/quaternion.o
 .text.Quaternion_ComputeRotationMatrix
                0x0000000008003da0       0xae build/quaternion.o
 .text.Quaternion_Update
                0x0000000008003e4e       0xe2 build/quaternion.o
                0x0000000008003e4e                Quaternion_Update
 .text.Quaternion_ToAttitudeAngle
                0x0000000008003f30       0x54 build/quaternion.o
                0x0000000008003f30                Quaternion_ToAttitudeAngle
 .text.Quaternion_BodyToEarth
                0x0000000008003f84       0x92 build/quaternion.o
                0x0000000008003f84                Quaternion_BodyToEarth
 .text.Quaternion_EarthToBody
                0x0000000008004016       0x92 build/quaternion.o
                0x0000000008004016                Quaternion_EarthToBody
 .text.Quaternion_GetPIGyroOffset
                0x00000000080040a8      0x254 build/quaternion.o
 .text.Quaternion_IMUCalculation
                0x00000000080042fc       0xa4 build/quaternion.o
                0x00000000080042fc                Quaternion_IMUCalculation
 .text.PID_Limit
                0x00000000080043a0       0x20 build/pid.o
 .text.PID_Control
                0x00000000080043c0       0x70 build/pid.o
                0x00000000080043c0                PID_Control
 .text.PID_ISumClean
                0x0000000008004430        0x8 build/pid.o
                0x0000000008004430                PID_ISumClean
 .text.NMI_Handler
                0x0000000008004438        0x2 build/at32f4xx_it.o
                0x0000000008004438                NMI_Handler
 .text.HardFault_Handler
                0x000000000800443a        0x2 build/at32f4xx_it.o
                0x000000000800443a                HardFault_Handler
 .text.MemManage_Handler
                0x000000000800443c        0x2 build/at32f4xx_it.o
                0x000000000800443c                MemManage_Handler
 .text.BusFault_Handler
                0x000000000800443e        0x2 build/at32f4xx_it.o
                0x000000000800443e                BusFault_Handler
 .text.UsageFault_Handler
                0x0000000008004440        0x2 build/at32f4xx_it.o
                0x0000000008004440                UsageFault_Handler
 .text.DebugMon_Handler
                0x0000000008004442        0x2 build/at32f4xx_it.o
                0x0000000008004442                DebugMon_Handler
 .text.USART1_IRQHandler
                0x0000000008004444       0x14 build/at32f4xx_it.o
                0x0000000008004444                USART1_IRQHandler
 .text.USART2_IRQHandler
                0x0000000008004458       0x38 build/at32f4xx_it.o
                0x0000000008004458                USART2_IRQHandler
 .text.TMR6_GLOBAL_IRQHandler
                0x0000000008004490       0x20 build/at32f4xx_it.o
                0x0000000008004490                TMR6_GLOBAL_IRQHandler
 .text.TMR3_GLOBAL_IRQHandler
                0x00000000080044b0       0x20 build/at32f4xx_it.o
                0x00000000080044b0                TMR3_GLOBAL_IRQHandler
 .text.TMR15_GLOBAL_IRQHandler
                0x00000000080044d0       0x20 build/at32f4xx_it.o
                0x00000000080044d0                TMR15_GLOBAL_IRQHandler
 .text.EXTI1_0_IRQHandler
                0x00000000080044f0       0x14 build/at32f4xx_it.o
                0x00000000080044f0                EXTI1_0_IRQHandler
 .text.DMA1_Channel7_4_IRQHandler
                0x0000000008004504       0x38 build/at32f4xx_it.o
                0x0000000008004504                DMA1_Channel7_4_IRQHandler
 .text.CircularQueue_WriteByte
                0x000000000800453c       0x44 build/circular_queue.o
                0x000000000800453c                CircularQueue_WriteByte
 .text.CircularQueue_ReadByte
                0x0000000008004580       0x3e build/circular_queue.o
                0x0000000008004580                CircularQueue_ReadByte
 .text.int_range
                0x00000000080045be       0x10 build/common.o
                0x00000000080045be                int_range
 *fill*         0x00000000080045ce        0x2 
 .text.SetSysClockTo120M
                0x00000000080045d0       0xd8 build/system_at32f4xx.o
 .text.SetSysClock
                0x00000000080046a8        0x8 build/system_at32f4xx.o
 .text.SystemInit
                0x00000000080046b0       0x6c build/system_at32f4xx.o
                0x00000000080046b0                SystemInit
 .text.LED_SetValue
                0x000000000800471c       0x10 build/led.o
                0x000000000800471c                LED_SetValue
 .text.LED1_SetValue
                0x000000000800472c       0x20 build/led_cfg.o
 .text.RemoteData_SetRockerValue
                0x000000000800474c       0x12 build/remote_data.o
                0x000000000800474c                RemoteData_SetRockerValue
 .text.RemoteData_GetRockerValue
                0x000000000800475e       0x16 build/remote_data.o
                0x000000000800475e                RemoteData_GetRockerValue
 .text.RemoteData_SetSWValue
                0x0000000008004774        0xe build/remote_data.o
                0x0000000008004774                RemoteData_SetSWValue
 .text.SPL06_GetKPKT
                0x0000000008004782       0x42 build/spl06.o
 .text.SPL06_GetCalibParams
                0x00000000080047c4      0x14a build/spl06.o
                0x00000000080047c4                SPL06_GetCalibParams
 .text.SPL06_SetPressureRate
                0x000000000800490e       0x62 build/spl06.o
                0x000000000800490e                SPL06_SetPressureRate
 .text.SPL06_SetTemperatureRate
                0x0000000008004970       0x62 build/spl06.o
                0x0000000008004970                SPL06_SetTemperatureRate
 .text.SPL06_SetMode
                0x00000000080049d2       0x1a build/spl06.o
                0x00000000080049d2                SPL06_SetMode
 .text.SPL06_Init
                0x00000000080049ec       0x6e build/spl06.o
                0x00000000080049ec                SPL06_Init
 *fill*         0x0000000008004a5a        0x2 
 .text.SPL06_GetTemperature
                0x0000000008004a5c       0xc0 build/spl06.o
                0x0000000008004a5c                SPL06_GetTemperature
 .text.SPL06_GetPressure
                0x0000000008004b1c      0x108 build/spl06.o
                0x0000000008004b1c                SPL06_GetPressure
 .text.SPL06_GetDataAll
                0x0000000008004c24       0x1a build/spl06.o
                0x0000000008004c24                SPL06_GetDataAll
 *fill*         0x0000000008004c3e        0x2 
 .text.SPL06_I2CReadReg
                0x0000000008004c40       0x24 build/spl06_cfg.o
 .text.SPL06_I2CWriteReg
                0x0000000008004c64       0x24 build/spl06_cfg.o
 .text.Motor4_Out
                0x0000000008004c88       0x14 build/motor_config.o
 .text.Motor3_Out
                0x0000000008004c9c       0x14 build/motor_config.o
 .text.Motor2_Out
                0x0000000008004cb0       0x14 build/motor_config.o
 .text.Motor1_Out
                0x0000000008004cc4       0x14 build/motor_config.o
 .text.Motor_Out
                0x0000000008004cd8       0x20 build/motor.o
                0x0000000008004cd8                Motor_Out
 .text.MPU6050_I2CReadReg
                0x0000000008004cf8       0x24 build/mpu6050_config.o
 .text.MPU6050_I2CWriteReg
                0x0000000008004d1c       0x24 build/mpu6050_config.o
 .text.MPU6050_GetBaseGyro
                0x0000000008004d40       0x64 build/mpu6050.o
                0x0000000008004d40                MPU6050_GetBaseGyro
 .text.MPU6050_GetBaseAcc
                0x0000000008004da4       0x56 build/mpu6050.o
                0x0000000008004da4                MPU6050_GetBaseAcc
 *fill*         0x0000000008004dfa        0x2 
 .text.MPU6050_ConvertDataGyro
                0x0000000008004dfc       0x60 build/mpu6050.o
                0x0000000008004dfc                MPU6050_ConvertDataGyro
 .text.MPU6050_ConvertDataAcc
                0x0000000008004e5c       0x50 build/mpu6050.o
                0x0000000008004e5c                MPU6050_ConvertDataAcc
 .text.PWM_HALDutyOut
                0x0000000008004eac        0xe build/pwm_hal.o
                0x0000000008004eac                PWM_HALDutyOut
 *fill*         0x0000000008004eba        0x2 
 .text.PWM4_HALDutyOut
                0x0000000008004ebc       0x10 build/pwm_hal_config.o
 .text.PWM3_HALDutyOut
                0x0000000008004ecc       0x10 build/pwm_hal_config.o
 .text.PWM2_HALDutyOut
                0x0000000008004edc       0x10 build/pwm_hal_config.o
 .text.PWM1_HALDutyOut
                0x0000000008004eec       0x10 build/pwm_hal_config.o
 .text.SimulationI2C1_SDARead
                0x0000000008004efc       0x14 build/simulation_i2c_config.o
 .text.SimulationI2C1_SDADirSet
                0x0000000008004f10       0x18 build/simulation_i2c_config.o
 .text.SimulationI2C1_SDASet
                0x0000000008004f28       0x20 build/simulation_i2c_config.o
 .text.SimulationI2C1_SCLSet
                0x0000000008004f48       0x20 build/simulation_i2c_config.o
 .text.SimulationI2C_Start
                0x0000000008004f68       0x1e build/simulation_i2c.o
 .text.SimulationI2C_Stop
                0x0000000008004f86       0x18 build/simulation_i2c.o
 .text.SimulationI2C_Ack
                0x0000000008004f9e       0x1e build/simulation_i2c.o
 .text.SimulationI2C_NAck
                0x0000000008004fbc       0x18 build/simulation_i2c.o
 .text.SimulationI2C_ReadAck
                0x0000000008004fd4       0x26 build/simulation_i2c.o
 .text.SimulationI2C_SendByte
                0x0000000008004ffa       0x44 build/simulation_i2c.o
 .text.SimulationI2C_ReadByte
                0x000000000800503e       0x4c build/simulation_i2c.o
 .text.SimulationI2C_SendData
                0x000000000800508a       0x9c build/simulation_i2c.o
                0x000000000800508a                SimulationI2C_SendData
 .text.SimulationI2C_ReadData
                0x0000000008005126       0xde build/simulation_i2c.o
                0x0000000008005126                SimulationI2C_ReadData
 .text.USART2_HAL_ReadData
                0x0000000008005204       0x28 build/usart_hal_config.o
 .text.USART_HAL_ReadData
                0x000000000800522c       0x1e build/usart_hal.o
                0x000000000800522c                USART_HAL_ReadData
 .text.I2C_HalSendData
                0x000000000800524a       0x28 build/i2c_hal.o
                0x000000000800524a                I2C_HalSendData
 .text.I2C_HalReadData
                0x0000000008005272       0x28 build/i2c_hal.o
                0x0000000008005272                I2C_HalReadData
 *fill*         0x000000000800529a        0x2 
 .text.I2C1_ReadData
                0x000000000800529c       0x20 build/i2c_hal_config.o
 .text.I2C1_SendData
                0x00000000080052bc       0x20 build/i2c_hal_config.o
 .text.Timer3_ConfigInit
                0x00000000080052dc       0x8c build/timer_config.o
 .text.Timer_ConfigInitAll
                0x0000000008005368        0x8 build/timer_config.o
                0x0000000008005368                Timer_ConfigInitAll
 .text.DMA_ConfigInitAll
                0x0000000008005370       0x7c build/dma_config.o
                0x0000000008005370                DMA_ConfigInitAll
 .text.DMA1_CH5_HT_Transmission
                0x00000000080053ec       0x20 build/dma_config.o
                0x00000000080053ec                DMA1_CH5_HT_Transmission
 .text.DMA1_CH5_TC_Transmission
                0x000000000800540c       0x20 build/dma_config.o
                0x000000000800540c                DMA1_CH5_TC_Transmission
 .text.USART_ConfigInitAll
                0x000000000800542c       0xa4 build/usart_config.o
                0x000000000800542c                USART_ConfigInitAll
 .text.RCC_ConfigInitAll
                0x00000000080054d0       0x32 build/rcc_config.o
                0x00000000080054d0                RCC_ConfigInitAll
 .text.GPIO_ConfigInit
                0x0000000008005502       0x30 build/gpio_config.o
                0x0000000008005502                GPIO_ConfigInit
 *fill*         0x0000000008005532        0x2 
 .text.GPIO_ConfigInitAll
                0x0000000008005534       0x40 build/gpio_config.o
                0x0000000008005534                GPIO_ConfigInitAll
 .text.RCC_GetClocksFreq
                0x0000000008005574      0x190 build/at32f4xx_rcc.o
                0x0000000008005574                RCC_GetClocksFreq
 .text.RCC_AHBPeriphClockCmd
                0x0000000008005704       0x1c build/at32f4xx_rcc.o
                0x0000000008005704                RCC_AHBPeriphClockCmd
 .text.RCC_APB2PeriphClockCmd
                0x0000000008005720       0x1c build/at32f4xx_rcc.o
                0x0000000008005720                RCC_APB2PeriphClockCmd
 .text.RCC_APB1PeriphClockCmd
                0x000000000800573c       0x1c build/at32f4xx_rcc.o
                0x000000000800573c                RCC_APB1PeriphClockCmd
 .text.RCC_StepModeCmd
                0x0000000008005758       0x20 build/at32f4xx_rcc.o
                0x0000000008005758                RCC_StepModeCmd
 .text.RCC_PLLFrefTableConfig
                0x0000000008005778      0x160 build/at32f4xx_rcc.o
                0x0000000008005778                RCC_PLLFrefTableConfig
 .text.EXTI_GetIntStatus
                0x00000000080058d8       0x20 build/at32f4xx_exti.o
                0x00000000080058d8                EXTI_GetIntStatus
 .text.EXTI_ClearIntPendingBit
                0x00000000080058f8        0xc build/at32f4xx_exti.o
                0x00000000080058f8                EXTI_ClearIntPendingBit
 .text.GPIO_Init
                0x0000000008005904      0x12e build/at32f4xx_gpio_ex.o
                0x0000000008005904                GPIO_Init
 .text.GPIO_ReadInputDataBit
                0x0000000008005a32        0xe build/at32f4xx_gpio_ex.o
                0x0000000008005a32                GPIO_ReadInputDataBit
 .text.GPIO_SetBits
                0x0000000008005a40        0x4 build/at32f4xx_gpio_ex.o
                0x0000000008005a40                GPIO_SetBits
 .text.GPIO_ResetBits
                0x0000000008005a44        0x4 build/at32f4xx_gpio_ex.o
                0x0000000008005a44                GPIO_ResetBits
 .text.GPIO_PinAFConfig
                0x0000000008005a48       0x34 build/at32f4xx_gpio_ex.o
                0x0000000008005a48                GPIO_PinAFConfig
 .text.DMA_Init
                0x0000000008005a7c       0x40 build/at32f4xx_dma.o
                0x0000000008005a7c                DMA_Init
 .text.DMA_ChannelEnable
                0x0000000008005abc       0x1a build/at32f4xx_dma.o
                0x0000000008005abc                DMA_ChannelEnable
 .text.DMA_INTConfig
                0x0000000008005ad6       0x14 build/at32f4xx_dma.o
                0x0000000008005ad6                DMA_INTConfig
 *fill*         0x0000000008005aea        0x2 
 .text.DMA_GetITStatus
                0x0000000008005aec       0x14 build/at32f4xx_dma.o
                0x0000000008005aec                DMA_GetITStatus
 .text.DMA_ClearITPendingBit
                0x0000000008005b00        0xc build/at32f4xx_dma.o
                0x0000000008005b00                DMA_ClearITPendingBit
 .text.TMR_TimeBaseInit
                0x0000000008005b0c       0x80 build/at32f4xx_tim.o
                0x0000000008005b0c                TMR_TimeBaseInit
 .text.TMR_OC1Init
                0x0000000008005b8c       0x98 build/at32f4xx_tim.o
                0x0000000008005b8c                TMR_OC1Init
 .text.TMR_OC2Init
                0x0000000008005c24       0xa0 build/at32f4xx_tim.o
                0x0000000008005c24                TMR_OC2Init
 .text.TMR_OC3Init
                0x0000000008005cc4       0x94 build/at32f4xx_tim.o
                0x0000000008005cc4                TMR_OC3Init
 .text.TMR_OC4Init
                0x0000000008005d58       0x80 build/at32f4xx_tim.o
                0x0000000008005d58                TMR_OC4Init
 .text.TMR_OCStructInit
                0x0000000008005dd8       0x14 build/at32f4xx_tim.o
                0x0000000008005dd8                TMR_OCStructInit
 .text.TMR_Cmd  0x0000000008005dec       0x1c build/at32f4xx_tim.o
                0x0000000008005dec                TMR_Cmd
 .text.TMR_SetCompare1
                0x0000000008005e08        0x4 build/at32f4xx_tim.o
                0x0000000008005e08                TMR_SetCompare1
 .text.TMR_SetCompare2
                0x0000000008005e0c        0x4 build/at32f4xx_tim.o
                0x0000000008005e0c                TMR_SetCompare2
 .text.TMR_SetCompare3
                0x0000000008005e10        0x4 build/at32f4xx_tim.o
                0x0000000008005e10                TMR_SetCompare3
 .text.TMR_SetCompare4
                0x0000000008005e14        0x4 build/at32f4xx_tim.o
                0x0000000008005e14                TMR_SetCompare4
 .text.TMR_GetINTStatus
                0x0000000008005e18       0x18 build/at32f4xx_tim.o
                0x0000000008005e18                TMR_GetINTStatus
 .text.TMR_ClearITPendingBit
                0x0000000008005e30        0x8 build/at32f4xx_tim.o
                0x0000000008005e30                TMR_ClearITPendingBit
 .text.NVIC_PriorityGroupConfig
                0x0000000008005e38       0x14 build/misc.o
                0x0000000008005e38                NVIC_PriorityGroupConfig
 .text.NVIC_Init
                0x0000000008005e4c       0x64 build/misc.o
                0x0000000008005e4c                NVIC_Init
 .text.USART_Init
                0x0000000008005eb0       0xc4 build/at32f4xx_usart.o
                0x0000000008005eb0                USART_Init
 .text.USART_StructInit
                0x0000000008005f74       0x16 build/at32f4xx_usart.o
                0x0000000008005f74                USART_StructInit
 .text.USART_Cmd
                0x0000000008005f8a       0x1c build/at32f4xx_usart.o
                0x0000000008005f8a                USART_Cmd
 .text.USART_INTConfig
                0x0000000008005fa6       0x36 build/at32f4xx_usart.o
                0x0000000008005fa6                USART_INTConfig
 .text.USART_DMACmd
                0x0000000008005fdc       0x18 build/at32f4xx_usart.o
                0x0000000008005fdc                USART_DMACmd
 .text.USART_ReceiveData
                0x0000000008005ff4        0x8 build/at32f4xx_usart.o
                0x0000000008005ff4                USART_ReceiveData
 .text.USART_GetITStatus
                0x0000000008005ffc       0x4a build/at32f4xx_usart.o
                0x0000000008005ffc                USART_GetITStatus
 .text.USART_ClearITPendingBit
                0x0000000008006046       0x10 build/at32f4xx_usart.o
                0x0000000008006046                USART_ClearITPendingBit
 .text.IBUS_AnalysisData
                0x0000000008006056       0xe6 build/ibus.o
                0x0000000008006056                IBUS_AnalysisData
 .text.IBUS_GetChannelData
                0x000000000800613c       0x10 build/ibus.o
                0x000000000800613c                IBUS_GetChannelData
 .text.prvTaskExitError
                0x000000000800614c       0x12 build/port.o
 *fill*         0x000000000800615e        0x2 
 .text.prvPortStartFirstTask
                0x0000000008006160       0x20 build/port.o
 .text.vPortEnableVFP
                0x0000000008006180       0x14 build/port.o
 .text.pxPortInitialiseStack
                0x0000000008006194       0x2c build/port.o
                0x0000000008006194                pxPortInitialiseStack
 .text.SVC_Handler
                0x00000000080061c0       0x24 build/port.o
                0x00000000080061c0                SVC_Handler
 .text.vPortEnterCritical
                0x00000000080061e4       0x20 build/port.o
                0x00000000080061e4                vPortEnterCritical
 .text.vPortExitCritical
                0x0000000008006204       0x14 build/port.o
                0x0000000008006204                vPortExitCritical
 *fill*         0x0000000008006218        0x8 
 .text.PendSV_Handler
                0x0000000008006220       0x64 build/port.o
                0x0000000008006220                PendSV_Handler
 .text.SysTick_Handler
                0x0000000008006284       0x2c build/port.o
                0x0000000008006284                SysTick_Handler
 .text.vPortSetupTimerInterrupt
                0x00000000080062b0       0x14 build/port.o
                0x00000000080062b0                vPortSetupTimerInterrupt
 .text.xPortStartScheduler
                0x00000000080062c4       0x44 build/port.o
                0x00000000080062c4                xPortStartScheduler
 .text.vListInitialise
                0x0000000008006308       0x16 build/list.o
                0x0000000008006308                vListInitialise
 .text.vListInitialiseItem
                0x000000000800631e        0x6 build/list.o
                0x000000000800631e                vListInitialiseItem
 .text.vListInsertEnd
                0x0000000008006324       0x16 build/list.o
                0x0000000008006324                vListInsertEnd
 .text.vListInsert
                0x000000000800633a       0x32 build/list.o
                0x000000000800633a                vListInsert
 .text.uxListRemove
                0x000000000800636c       0x24 build/list.o
                0x000000000800636c                uxListRemove
 .text.prvIsQueueFull
                0x0000000008006390       0x1e build/queue.o
 .text.prvIsQueueEmpty
                0x00000000080063ae       0x1a build/queue.o
 .text.prvCopyDataToQueue
                0x00000000080063c8       0x76 build/queue.o
 .text.prvCopyDataFromQueue
                0x000000000800643e       0x24 build/queue.o
 .text.prvUnlockQueue
                0x0000000008006462       0x6e build/queue.o
 .text.xQueueGenericReset
                0x00000000080064d0       0x70 build/queue.o
                0x00000000080064d0                xQueueGenericReset
 .text.prvInitialiseNewQueue
                0x0000000008006540       0x1c build/queue.o
 .text.xQueueGenericCreate
                0x000000000800655c       0x34 build/queue.o
                0x000000000800655c                xQueueGenericCreate
 .text.xQueueGenericSend
                0x0000000008006590      0x11e build/queue.o
                0x0000000008006590                xQueueGenericSend
 .text.xQueueGenericReceive
                0x00000000080066ae      0x166 build/queue.o
                0x00000000080066ae                xQueueGenericReceive
 .text.prvResetNextTaskUnblockTime
                0x0000000008006814       0x2c build/tasks.o
 .text.prvDeleteTCB
                0x0000000008006840       0x12 build/tasks.o
 .text.prvInitialiseNewTask
                0x0000000008006852       0x9c build/tasks.o
 *fill*         0x00000000080068ee        0x2 
 .text.prvInitialiseTaskLists
                0x00000000080068f0       0x68 build/tasks.o
 .text.prvAddNewTaskToReadyList
                0x0000000008006958       0xa8 build/tasks.o
 .text.prvAddCurrentTaskToDelayedList
                0x0000000008006a00       0x98 build/tasks.o
 .text.xTaskCreate
                0x0000000008006a98       0x64 build/tasks.o
                0x0000000008006a98                xTaskCreate
 .text.vTaskStartScheduler
                0x0000000008006afc       0x64 build/tasks.o
                0x0000000008006afc                vTaskStartScheduler
 .text.vTaskSuspendAll
                0x0000000008006b60       0x10 build/tasks.o
                0x0000000008006b60                vTaskSuspendAll
 .text.xTaskGetTickCount
                0x0000000008006b70        0xc build/tasks.o
                0x0000000008006b70                xTaskGetTickCount
 .text.xTaskIncrementTick
                0x0000000008006b7c      0x100 build/tasks.o
                0x0000000008006b7c                xTaskIncrementTick
 .text.xTaskResumeAll
                0x0000000008006c7c       0xe0 build/tasks.o
                0x0000000008006c7c                xTaskResumeAll
 .text.vTaskDelayUntil
                0x0000000008006d5c       0x60 build/tasks.o
                0x0000000008006d5c                vTaskDelayUntil
 .text.vTaskDelay
                0x0000000008006dbc       0x32 build/tasks.o
                0x0000000008006dbc                vTaskDelay
 *fill*         0x0000000008006dee        0x2 
 .text.prvCheckTasksWaitingTermination
                0x0000000008006df0       0x5c build/tasks.o
 .text.prvIdleTask
                0x0000000008006e4c       0x28 build/tasks.o
 .text.vTaskSwitchContext
                0x0000000008006e74       0x78 build/tasks.o
                0x0000000008006e74                vTaskSwitchContext
 .text.vTaskPlaceOnEventList
                0x0000000008006eec       0x1c build/tasks.o
                0x0000000008006eec                vTaskPlaceOnEventList
 .text.xTaskRemoveFromEventList
                0x0000000008006f08       0x78 build/tasks.o
                0x0000000008006f08                xTaskRemoveFromEventList
 .text.vTaskSetTimeOutState
                0x0000000008006f80       0x18 build/tasks.o
                0x0000000008006f80                vTaskSetTimeOutState
 .text.xTaskCheckForTimeOut
                0x0000000008006f98       0x58 build/tasks.o
                0x0000000008006f98                xTaskCheckForTimeOut
 .text.vTaskMissedYield
                0x0000000008006ff0        0xc build/tasks.o
                0x0000000008006ff0                vTaskMissedYield
 .text.vTaskPriorityInherit
                0x0000000008006ffc       0xa0 build/tasks.o
                0x0000000008006ffc                vTaskPriorityInherit
 .text.xTaskPriorityDisinherit
                0x000000000800709c       0x80 build/tasks.o
                0x000000000800709c                xTaskPriorityDisinherit
 .text.pvTaskIncrementMutexHeldCount
                0x000000000800711c       0x1c build/tasks.o
                0x000000000800711c                pvTaskIncrementMutexHeldCount
 .text.pvPortMalloc
                0x0000000008007138       0x18 build/heap_3.o
                0x0000000008007138                pvPortMalloc
 .text.vPortFree
                0x0000000008007150       0x18 build/heap_3.o
                0x0000000008007150                vPortFree
 .text.Reset_Handler
                0x0000000008007168       0x44 build/startup_at32f421c8t7.o
                0x0000000008007168                Reset_Handler
 .text.Default_Handler
                0x00000000080071ac        0x2 build/startup_at32f421c8t7.o
                0x00000000080071ac                PVD_IRQHandler
                0x00000000080071ac                ERTC_IRQHandler
                0x00000000080071ac                I2C2_EV_IRQHandler
                0x00000000080071ac                SPI1_IRQHandler
                0x00000000080071ac                EXTI15_4_IRQHandler
                0x00000000080071ac                I2C1_EV_IRQHandler
                0x00000000080071ac                TMR16_GLOBAL_IRQHandler
                0x00000000080071ac                RCC_IRQHandler
                0x00000000080071ac                DMA1_Channel1_IRQHandler
                0x00000000080071ac                Default_Handler
                0x00000000080071ac                TMR1_CC_IRQHandler
                0x00000000080071ac                SPI2_IRQHandler
                0x00000000080071ac                TMR14_GLOBAL_IRQHandler
                0x00000000080071ac                EXTI3_2_IRQHandler
                0x00000000080071ac                WWDG_IRQHandler
                0x00000000080071ac                ADC_COMP_IRQHandler
                0x00000000080071ac                I2C2_ER_IRQHandler
                0x00000000080071ac                FLASH_IRQHandler
                0x00000000080071ac                I2C1_ER_IRQHandler
                0x00000000080071ac                TMR17_GLOBAL_IRQHandler
                0x00000000080071ac                TMR1_BRK_UP_TRG_COM_IRQHandler
                0x00000000080071ac                DMA1_Channel3_2_IRQHandler
 *(.glue_7)
 .glue_7        0x00000000080071ae        0x0 linker stubs
 *(.glue_7t)
 .glue_7t       0x00000000080071ae        0x0 linker stubs
 *(.eh_frame)
 *fill*         0x00000000080071ae        0x2 
 .eh_frame      0x00000000080071b0        0x0 /usr/lib/gcc/arm-none-eabi/10.3.1/thumb/v7e-m+fp/hard/crtbegin.o
 *(.init)
 .init          0x00000000080071b0        0x4 /usr/lib/gcc/arm-none-eabi/10.3.1/thumb/v7e-m+fp/hard/crti.o
                0x00000000080071b0                _init
 .init          0x00000000080071b4        0x8 /usr/lib/gcc/arm-none-eabi/10.3.1/thumb/v7e-m+fp/hard/crtn.o
 *(.fini)
 .fini          0x00000000080071bc        0x4 /usr/lib/gcc/arm-none-eabi/10.3.1/thumb/v7e-m+fp/hard/crti.o
                0x00000000080071bc                _fini
 .fini          0x00000000080071c0        0x8 /usr/lib/gcc/arm-none-eabi/10.3.1/thumb/v7e-m+fp/hard/crtn.o
                0x00000000080071c8                . = ALIGN (0x4)
                0x00000000080071c8                _etext = .

.vfp11_veneer   0x00000000080071c8        0x0
 .vfp11_veneer  0x00000000080071c8        0x0 linker stubs

.v4_bx          0x00000000080071c8        0x0
 .v4_bx         0x00000000080071c8        0x0 linker stubs

.iplt           0x00000000080071c8        0x0
 .iplt          0x00000000080071c8        0x0 /usr/lib/gcc/arm-none-eabi/10.3.1/thumb/v7e-m+fp/hard/crtbegin.o

.rodata         0x00000000080071c8      0x1e8
                0x00000000080071c8                . = ALIGN (0x4)
 *(.rodata)
 .rodata        0x00000000080071c8        0x3 build/spl06.o
 *fill*         0x00000000080071cb        0x1 
 .rodata        0x00000000080071cc        0x4 /usr/lib/gcc/arm-none-eabi/10.3.1/../../../arm-none-eabi/lib/thumb/v7e-m+fp/hard/libc_nano.a(lib_a-impure.o)
                0x00000000080071cc                _global_impure_ptr
 .rodata        0x00000000080071d0       0x60 /usr/lib/gcc/arm-none-eabi/10.3.1/../../../arm-none-eabi/lib/thumb/v7e-m+fp/hard/libc_nano.a(lib_a-findfp.o)
                0x00000000080071d0                __sf_fake_stderr
                0x00000000080071f0                __sf_fake_stdout
                0x0000000008007210                __sf_fake_stdin
 .rodata        0x0000000008007230       0x18 /usr/lib/gcc/arm-none-eabi/10.3.1/../../../arm-none-eabi/lib/thumb/v7e-m+fp/hard/libm.a(lib_a-ef_atan2.o)
 .rodata        0x0000000008007248       0x20 /usr/lib/gcc/arm-none-eabi/10.3.1/../../../arm-none-eabi/lib/thumb/v7e-m+fp/hard/libm.a(lib_a-sf_atan.o)
 .rodata        0x0000000008007268        0x8 /usr/lib/gcc/arm-none-eabi/10.3.1/../../../arm-none-eabi/lib/thumb/v7e-m+fp/hard/libm.a(lib_a-sf_rint.o)
 *(.rodata*)
 .rodata.PrintfTask.str1.4
                0x0000000008007270        0xf build/main.o
 *fill*         0x000000000800727f        0x1 
 .rodata.main.str1.4
                0x0000000008007280       0x1c build/main.o
 .rodata.LED_GPIOConfigTable
                0x000000000800729c       0x30 build/gpio_config.o
                0x000000000800729c                LED_GPIOConfigTable
 .rodata.SimulationI2C_GPIOConfigTable
                0x00000000080072cc       0x20 build/gpio_config.o
                0x00000000080072cc                SimulationI2C_GPIOConfigTable
 .rodata.Timer3_GPIOConfigTable
                0x00000000080072ec       0x40 build/gpio_config.o
                0x00000000080072ec                Timer3_GPIOConfigTable
 .rodata.USART1_GPIOConfigTable
                0x000000000800732c       0x20 build/gpio_config.o
                0x000000000800732c                USART1_GPIOConfigTable
 .rodata.USART2_GPIOConfigTable
                0x000000000800734c       0x10 build/gpio_config.o
                0x000000000800734c                USART2_GPIOConfigTable
 .rodata.ADCPscTable
                0x000000000800735c        0x8 build/at32f4xx_rcc.o
 .rodata.APBAHBPscTable
                0x0000000008007364        0x8 build/at32f4xx_rcc.o
 .rodata.vTaskStartScheduler.str1.4
                0x000000000800736c        0x5 build/tasks.o
 *fill*         0x0000000008007371        0x3 
 .rodata.str1.4
                0x0000000008007374       0x13 /usr/lib/gcc/arm-none-eabi/10.3.1/../../../arm-none-eabi/lib/thumb/v7e-m+fp/hard/libc_nano.a(lib_a-nano-vfprintf.o)
 *fill*         0x0000000008007387        0x1 
 .rodata.str1.4
                0x0000000008007388       0x25 /usr/lib/gcc/arm-none-eabi/10.3.1/../../../arm-none-eabi/lib/thumb/v7e-m+fp/hard/libc_nano.a(lib_a-nano-vfprintf_i.o)
 .rodata.str1.4
                0x00000000080073ad       0x25 /usr/lib/gcc/arm-none-eabi/10.3.1/../../../arm-none-eabi/lib/thumb/v7e-m+fp/hard/libm.a(lib_a-wf_asin.o)
                                          0x1 (size before relaxing)
 .rodata.str1.4
                0x00000000080073ad        0x1 /usr/lib/gcc/arm-none-eabi/10.3.1/../../../arm-none-eabi/lib/thumb/v7e-m+fp/hard/libm.a(lib_a-ef_pow.o)
                0x00000000080073d4                . = ALIGN (0x4)
 *fill*         0x00000000080073ad        0x3 

.rel.dyn        0x00000000080073b0        0x0
 .rel.iplt      0x00000000080073b0        0x0 /usr/lib/gcc/arm-none-eabi/10.3.1/thumb/v7e-m+fp/hard/crtbegin.o

.ARM.extab
 *(.ARM.extab* .gnu.linkonce.armextab.*)

.ARM            0x00000000080073b0        0x0
                0x00000000080073b0                __exidx_start = .
 *(.ARM.exidx*)
                0x00000000080073b0                __exidx_end = .

.preinit_array  0x00000000080073b0        0x0
                0x00000000080073b0                PROVIDE (__preinit_array_start = .)
 *(.preinit_array*)
                0x00000000080073b0                PROVIDE (__preinit_array_end = .)

.init_array     0x00000000080073b0        0x4
                0x00000000080073b0                PROVIDE (__init_array_start = .)
 *(SORT_BY_NAME(.init_array.*))
 *(.init_array*)
 .init_array    0x00000000080073b0        0x4 /usr/lib/gcc/arm-none-eabi/10.3.1/thumb/v7e-m+fp/hard/crtbegin.o
                0x00000000080073b4                PROVIDE (__init_array_end = .)

.fini_array     0x00000000080073b4        0x4
                0x00000000080073b4                PROVIDE (__fini_array_start = .)
 *(SORT_BY_NAME(.fini_array.*))
 *(.fini_array*)
 .fini_array    0x00000000080073b4        0x4 /usr/lib/gcc/arm-none-eabi/10.3.1/thumb/v7e-m+fp/hard/crtbegin.o
                0x00000000080073b8                PROVIDE (__fini_array_end = .)
                0x00000000080073b8                _sidata = LOADADDR (.data)

.data           0x0000000020000000      0x274 load address 0x00000000080073b8
                0x0000000020000000                . = ALIGN (0x4)
                0x0000000020000000                _sdata = .
 *(.data)
 .data          0x0000000020000000       0x64 /usr/lib/gcc/arm-none-eabi/10.3.1/../../../arm-none-eabi/lib/thumb/v7e-m+fp/hard/libc_nano.a(lib_a-impure.o)
                0x0000000020000000                _impure_ptr
 .data          0x0000000020000064        0x1 /usr/lib/gcc/arm-none-eabi/10.3.1/../../../arm-none-eabi/lib/thumb/v7e-m+fp/hard/libm.a(lib_a-s_lib_ver.o)
                0x0000000020000064                __fdlib_version
 *(.data*)
 *fill*         0x0000000020000065        0x3 
 .data.PID_PitchAngle
                0x0000000020000068       0x28 build/control.o
                0x0000000020000068                PID_PitchAngle
 .data.PID_PitchRate
                0x0000000020000090       0x28 build/control.o
                0x0000000020000090                PID_PitchRate
 .data.PID_RollAngle
                0x00000000200000b8       0x28 build/control.o
                0x00000000200000b8                PID_RollAngle
 .data.PID_RollRate
                0x00000000200000e0       0x28 build/control.o
                0x00000000200000e0                PID_RollRate
 .data.PID_YawAngle
                0x0000000020000108       0x28 build/control.o
                0x0000000020000108                PID_YawAngle
 .data.PID_YawRate
                0x0000000020000130       0x28 build/control.o
                0x0000000020000130                PID_YawRate
 .data.Quaternion
                0x0000000020000158       0x34 build/control.o
                0x0000000020000158                Quaternion
 .data.Quaternion_PIOffset
                0x000000002000018c       0x14 build/control.o
                0x000000002000018c                Quaternion_PIOffset
 .data.baro_compensate_k
                0x00000000200001a0        0x4 build/control.o
                0x00000000200001a0                baro_compensate_k
 .data.LED1     0x00000000200001a4        0x4 build/led_cfg.o
                0x00000000200001a4                LED1
 .data.SPL06    0x00000000200001a8       0x38 build/spl06_cfg.o
                0x00000000200001a8                SPL06
 .data.Motor    0x00000000200001e0       0x30 build/motor_config.o
                0x00000000200001e0                Motor
 .data.MPU6050  0x0000000020000210       0x14 build/mpu6050_config.o
                0x0000000020000210                MPU6050
 .data.PWM_HAL  0x0000000020000224       0x10 build/pwm_hal_config.o
                0x0000000020000224                PWM_HAL
 .data.SimulationI2C1
                0x0000000020000234       0x14 build/simulation_i2c_config.o
                0x0000000020000234                SimulationI2C1
 .data.USART2_HAL
                0x0000000020000248        0x8 build/usart_hal_config.o
                0x0000000020000248                USART2_HAL
 .data.I2C_Dev1
                0x0000000020000250        0xc build/i2c_hal_config.o
                0x0000000020000250                I2C_Dev1
 .data.USART2_Queue
                0x000000002000025c       0x14 build/usart_config.o
                0x000000002000025c                USART2_Queue
 .data.uxCriticalNesting
                0x0000000020000270        0x4 build/port.o
                0x0000000020000274                . = ALIGN (0x4)
                0x0000000020000274                _edata = .

.tm_clone_table
                0x0000000020000274        0x0 load address 0x000000000800762c
 .tm_clone_table
                0x0000000020000274        0x0 /usr/lib/gcc/arm-none-eabi/10.3.1/thumb/v7e-m+fp/hard/crtbegin.o
 .tm_clone_table
                0x0000000020000274        0x0 /usr/lib/gcc/arm-none-eabi/10.3.1/thumb/v7e-m+fp/hard/crtend.o

.igot.plt       0x0000000020000274        0x0 load address 0x000000000800762c
 .igot.plt      0x0000000020000274        0x0 /usr/lib/gcc/arm-none-eabi/10.3.1/thumb/v7e-m+fp/hard/crtbegin.o
                0x0000000020000274                . = ALIGN (0x4)

.bss            0x0000000020000274      0x380 load address 0x000000000800762c
                0x0000000020000274                _sbss = .
                0x0000000020000274                __bss_start__ = _sbss
 *(.bss)
 .bss           0x0000000020000274       0x1c /usr/lib/gcc/arm-none-eabi/10.3.1/thumb/v7e-m+fp/hard/crtbegin.o
 .bss           0x0000000020000290        0x8 /usr/lib/gcc/arm-none-eabi/10.3.1/../../../arm-none-eabi/lib/thumb/v7e-m+fp/hard/libc_nano.a(lib_a-nano-mallocr.o)
                0x0000000020000290                __malloc_free_list
                0x0000000020000294                __malloc_sbrk_start
 .bss           0x0000000020000298        0x4 /usr/lib/gcc/arm-none-eabi/10.3.1/../../../arm-none-eabi/lib/thumb/v7e-m+fp/hard/libc_nano.a(lib_a-reent.o)
                0x0000000020000298                errno
 .bss           0x000000002000029c        0x4 /usr/lib/gcc/arm-none-eabi/10.3.1/../../../arm-none-eabi/lib/thumb/v7e-m+fp/hard/libnosys.a(sbrk.o)
 *(.bss*)
 .bss.altitude.0
                0x00000000200002a0        0x4 build/control.o
 .bss.attitude_control_count.1
                0x00000000200002a4        0x1 build/control.o
 *fill*         0x00000000200002a5        0x3 
 .bss.biquad_AccParameterX
                0x00000000200002a8       0x1c build/control.o
                0x00000000200002a8                biquad_AccParameterX
 .bss.biquad_AccParameterY
                0x00000000200002c4       0x1c build/control.o
                0x00000000200002c4                biquad_AccParameterY
 .bss.biquad_AccParameterZ
                0x00000000200002e0       0x1c build/control.o
                0x00000000200002e0                biquad_AccParameterZ
 .bss.biquad_GyroParameterX
                0x00000000200002fc       0x1c build/control.o
                0x00000000200002fc                biquad_GyroParameterX
 .bss.biquad_GyroParameterY
                0x0000000020000318       0x1c build/control.o
                0x0000000020000318                biquad_GyroParameterY
 .bss.biquad_GyroParameterZ
                0x0000000020000334       0x1c build/control.o
                0x0000000020000334                biquad_GyroParameterZ
 .bss.biquad_PitchDItemParam
                0x0000000020000350       0x1c build/control.o
                0x0000000020000350                biquad_PitchDItemParam
 .bss.biquad_RollDItemParam
                0x000000002000036c       0x1c build/control.o
                0x000000002000036c                biquad_RollDItemParam
 .bss.biquad_YawDItemParam
                0x0000000020000388       0x1c build/control.o
                0x0000000020000388                biquad_YawDItemParam
 .bss.estimate_acc
                0x00000000200003a4        0xc build/control.o
                0x00000000200003a4                estimate_acc
 .bss.estimate_position
                0x00000000200003b0        0xc build/control.o
                0x00000000200003b0                estimate_position
 .bss.estimate_velocity
                0x00000000200003bc        0xc build/control.o
                0x00000000200003bc                estimate_velocity
 .bss.position_z_d_ltem_biquad_parameter
                0x00000000200003c8       0x1c build/control.o
                0x00000000200003c8                position_z_d_ltem_biquad_parameter
 .bss.IBUS      0x00000000200003e4       0x38 build/remote_task.o
                0x00000000200003e4                IBUS
 .bss.AccQueue  0x000000002000041c        0x4 build/main.o
                0x000000002000041c                AccQueue
 .bss.AltitudeQueue
                0x0000000020000420        0x4 build/main.o
                0x0000000020000420                AltitudeQueue
 .bss.BaroAltitudeQueue
                0x0000000020000424        0x4 build/main.o
                0x0000000020000424                BaroAltitudeQueue
 .bss.RemoteDataQueue
                0x0000000020000428        0x4 build/main.o
                0x0000000020000428                RemoteDataQueue
 .bss.DMA_USARTRXBuffer
                0x000000002000042c       0x20 build/dma_config.o
                0x000000002000042c                DMA_USARTRXBuffer
 .bss.USART2_Buffer
                0x000000002000044c       0x40 build/usart_config.o
                0x000000002000044c                USART2_Buffer
 .bss.pxCurrentTCB
                0x000000002000048c        0x4 build/tasks.o
                0x000000002000048c                pxCurrentTCB
 .bss.pxDelayedTaskList
                0x0000000020000490        0x4 build/tasks.o
 .bss.pxOverflowDelayedTaskList
                0x0000000020000494        0x4 build/tasks.o
 .bss.pxReadyTasksLists
                0x0000000020000498       0xc8 build/tasks.o
 .bss.uxCurrentNumberOfTasks
                0x0000000020000560        0x4 build/tasks.o
 .bss.uxDeletedTasksWaitingCleanUp
                0x0000000020000564        0x4 build/tasks.o
 .bss.uxPendedTicks
                0x0000000020000568        0x4 build/tasks.o
 .bss.uxSchedulerSuspended
                0x000000002000056c        0x4 build/tasks.o
 .bss.uxTaskNumber
                0x0000000020000570        0x4 build/tasks.o
 .bss.uxTopReadyPriority
                0x0000000020000574        0x4 build/tasks.o
 .bss.xDelayedTaskList1
                0x0000000020000578       0x14 build/tasks.o
 .bss.xDelayedTaskList2
                0x000000002000058c       0x14 build/tasks.o
 .bss.xIdleTaskHandle
                0x00000000200005a0        0x4 build/tasks.o
 .bss.xNextTaskUnblockTime
                0x00000000200005a4        0x4 build/tasks.o
 .bss.xNumOfOverflows
                0x00000000200005a8        0x4 build/tasks.o
 .bss.xPendingReadyList
                0x00000000200005ac       0x14 build/tasks.o
 .bss.xSchedulerRunning
                0x00000000200005c0        0x4 build/tasks.o
 .bss.xSuspendedTaskList
                0x00000000200005c4       0x14 build/tasks.o
 .bss.xTasksWaitingTermination
                0x00000000200005d8       0x14 build/tasks.o
 .bss.xTickCount
                0x00000000200005ec        0x4 build/tasks.o
 .bss.xYieldPending
                0x00000000200005f0        0x4 build/tasks.o
 *(COMMON)
                0x00000000200005f4                . = ALIGN (0x4)
                0x00000000200005f4                _ebss = .
                0x00000000200005f4                __bss_end__ = _ebss

._user_heap_stack
                0x00000000200005f4      0x600 load address 0x000000000800762c
                0x00000000200005f4                . = ALIGN (0x4)
                0x00000000200005f4                PROVIDE (end = .)
                [!provide]                        PROVIDE (_end = .)
                0x00000000200007f4                . = (. + _Min_Heap_Size)
 *fill*         0x00000000200005f4      0x200 
                0x0000000020000bf4                . = (. + _Min_Stack_Size)
 *fill*         0x00000000200007f4      0x400 
                0x0000000020000bf4                . = ALIGN (0x4)

/DISCARD/
 libc.a(*)
 libm.a(*)
 libgcc.a(*)

.ARM.attributes
                0x0000000000000000       0x30
 *(.ARM.attributes)
 .ARM.attributes
                0x0000000000000000       0x1e /usr/lib/gcc/arm-none-eabi/10.3.1/thumb/v7e-m+fp/hard/crti.o
 .ARM.attributes
                0x000000000000001e       0x34 /usr/lib/gcc/arm-none-eabi/10.3.1/thumb/v7e-m+fp/hard/crtbegin.o
 .ARM.attributes
                0x0000000000000052       0x34 build/control.o
 .ARM.attributes
                0x0000000000000086       0x34 build/remote_task.o
 .ARM.attributes
                0x00000000000000ba       0x34 build/filter.o
 .ARM.attributes
                0x00000000000000ee       0x34 build/main.o
 .ARM.attributes
                0x0000000000000122       0x34 build/quaternion.o
 .ARM.attributes
                0x0000000000000156       0x34 build/pid.o
 .ARM.attributes
                0x000000000000018a       0x34 build/at32f4xx_it.o
 .ARM.attributes
                0x00000000000001be       0x34 build/circular_queue.o
 .ARM.attributes
                0x00000000000001f2       0x34 build/common.o
 .ARM.attributes
                0x0000000000000226       0x34 build/system_at32f4xx.o
 .ARM.attributes
                0x000000000000025a       0x34 build/led.o
 .ARM.attributes
                0x000000000000028e       0x34 build/led_cfg.o
 .ARM.attributes
                0x00000000000002c2       0x34 build/remote_data.o
 .ARM.attributes
                0x00000000000002f6       0x34 build/spl06.o
 .ARM.attributes
                0x000000000000032a       0x34 build/spl06_cfg.o
 .ARM.attributes
                0x000000000000035e       0x34 build/motor_config.o
 .ARM.attributes
                0x0000000000000392       0x34 build/motor.o
 .ARM.attributes
                0x00000000000003c6       0x34 build/mpu6050_config.o
 .ARM.attributes
                0x00000000000003fa       0x34 build/mpu6050.o
 .ARM.attributes
                0x000000000000042e       0x34 build/pwm_hal.o
 .ARM.attributes
                0x0000000000000462       0x34 build/pwm_hal_config.o
 .ARM.attributes
                0x0000000000000496       0x34 build/simulation_i2c_config.o
 .ARM.attributes
                0x00000000000004ca       0x34 build/simulation_i2c.o
 .ARM.attributes
                0x00000000000004fe       0x34 build/usart_hal_config.o
 .ARM.attributes
                0x0000000000000532       0x34 build/usart_hal.o
 .ARM.attributes
                0x0000000000000566       0x34 build/i2c_hal.o
 .ARM.attributes
                0x000000000000059a       0x34 build/i2c_hal_config.o
 .ARM.attributes
                0x00000000000005ce       0x34 build/timer_config.o
 .ARM.attributes
                0x0000000000000602       0x34 build/dma_config.o
 .ARM.attributes
                0x0000000000000636       0x34 build/usart_config.o
 .ARM.attributes
                0x000000000000066a       0x34 build/rcc_config.o
 .ARM.attributes
                0x000000000000069e       0x34 build/gpio_config.o
 .ARM.attributes
                0x00000000000006d2       0x34 build/at32f4xx_rcc.o
 .ARM.attributes
                0x0000000000000706       0x34 build/at32f4xx_exti.o
 .ARM.attributes
                0x000000000000073a       0x34 build/at32f4xx_gpio_ex.o
 .ARM.attributes
                0x000000000000076e       0x34 build/at32f4xx_dma.o
 .ARM.attributes
                0x00000000000007a2       0x34 build/at32f4xx_tim.o
 .ARM.attributes
                0x00000000000007d6       0x34 build/misc.o
 .ARM.attributes
                0x000000000000080a       0x34 build/at32f4xx_usart.o
 .ARM.attributes
                0x000000000000083e       0x34 build/ibus.o
 .ARM.attributes
                0x0000000000000872       0x34 build/port.o
 .ARM.attributes
                0x00000000000008a6       0x34 build/list.o
 .ARM.attributes
                0x00000000000008da       0x34 build/queue.o
 .ARM.attributes
                0x000000000000090e       0x34 build/tasks.o
 .ARM.attributes
                0x0000000000000942       0x34 build/heap_3.o
 .ARM.attributes
                0x0000000000000976       0x21 build/startup_at32f421c8t7.o
 .ARM.attributes
                0x0000000000000997       0x32 /usr/lib/gcc/arm-none-eabi/10.3.1/../../../arm-none-eabi/lib/thumb/v7e-m+fp/hard/libc_nano.a(lib_a-impure.o)
 .ARM.attributes
                0x00000000000009c9       0x34 /usr/lib/gcc/arm-none-eabi/10.3.1/../../../arm-none-eabi/lib/thumb/v7e-m+fp/hard/libc_nano.a(lib_a-malloc.o)
 .ARM.attributes
                0x00000000000009fd       0x1c /usr/lib/gcc/arm-none-eabi/10.3.1/../../../arm-none-eabi/lib/thumb/v7e-m+fp/hard/libc_nano.a(lib_a-memcpy.o)
 .ARM.attributes
                0x0000000000000a19       0x34 /usr/lib/gcc/arm-none-eabi/10.3.1/../../../arm-none-eabi/lib/thumb/v7e-m+fp/hard/libc_nano.a(lib_a-memset.o)
 .ARM.attributes
                0x0000000000000a4d       0x34 /usr/lib/gcc/arm-none-eabi/10.3.1/../../../arm-none-eabi/lib/thumb/v7e-m+fp/hard/libc_nano.a(lib_a-nano-freer.o)
 .ARM.attributes
                0x0000000000000a81       0x34 /usr/lib/gcc/arm-none-eabi/10.3.1/../../../arm-none-eabi/lib/thumb/v7e-m+fp/hard/libc_nano.a(lib_a-nano-mallocr.o)
 .ARM.attributes
                0x0000000000000ab5       0x34 /usr/lib/gcc/arm-none-eabi/10.3.1/../../../arm-none-eabi/lib/thumb/v7e-m+fp/hard/libc_nano.a(lib_a-printf.o)
 .ARM.attributes
                0x0000000000000ae9       0x34 /usr/lib/gcc/arm-none-eabi/10.3.1/../../../arm-none-eabi/lib/thumb/v7e-m+fp/hard/libc_nano.a(lib_a-sbrkr.o)
 .ARM.attributes
                0x0000000000000b1d       0x34 /usr/lib/gcc/arm-none-eabi/10.3.1/../../../arm-none-eabi/lib/thumb/v7e-m+fp/hard/libc_nano.a(lib_a-findfp.o)
 .ARM.attributes
                0x0000000000000b51       0x34 /usr/lib/gcc/arm-none-eabi/10.3.1/../../../arm-none-eabi/lib/thumb/v7e-m+fp/hard/libc_nano.a(lib_a-fwalk.o)
 .ARM.attributes
                0x0000000000000b85       0x34 /usr/lib/gcc/arm-none-eabi/10.3.1/../../../arm-none-eabi/lib/thumb/v7e-m+fp/hard/libc_nano.a(lib_a-mlock.o)
 .ARM.attributes
                0x0000000000000bb9       0x34 /usr/lib/gcc/arm-none-eabi/10.3.1/../../../arm-none-eabi/lib/thumb/v7e-m+fp/hard/libc_nano.a(lib_a-nano-vfprintf.o)
 .ARM.attributes
                0x0000000000000bed       0x34 /usr/lib/gcc/arm-none-eabi/10.3.1/../../../arm-none-eabi/lib/thumb/v7e-m+fp/hard/libc_nano.a(lib_a-nano-vfprintf_i.o)
 .ARM.attributes
                0x0000000000000c21       0x34 /usr/lib/gcc/arm-none-eabi/10.3.1/../../../arm-none-eabi/lib/thumb/v7e-m+fp/hard/libc_nano.a(lib_a-reent.o)
 .ARM.attributes
                0x0000000000000c55       0x34 /usr/lib/gcc/arm-none-eabi/10.3.1/../../../arm-none-eabi/lib/thumb/v7e-m+fp/hard/libc_nano.a(lib_a-stdio.o)
 .ARM.attributes
                0x0000000000000c89       0x34 /usr/lib/gcc/arm-none-eabi/10.3.1/../../../arm-none-eabi/lib/thumb/v7e-m+fp/hard/libc_nano.a(lib_a-wbuf.o)
 .ARM.attributes
                0x0000000000000cbd       0x34 /usr/lib/gcc/arm-none-eabi/10.3.1/../../../arm-none-eabi/lib/thumb/v7e-m+fp/hard/libc_nano.a(lib_a-writer.o)
 .ARM.attributes
                0x0000000000000cf1       0x34 /usr/lib/gcc/arm-none-eabi/10.3.1/../../../arm-none-eabi/lib/thumb/v7e-m+fp/hard/libc_nano.a(lib_a-wsetup.o)
 .ARM.attributes
                0x0000000000000d25       0x34 /usr/lib/gcc/arm-none-eabi/10.3.1/../../../arm-none-eabi/lib/thumb/v7e-m+fp/hard/libc_nano.a(lib_a-closer.o)
 .ARM.attributes
                0x0000000000000d59       0x34 /usr/lib/gcc/arm-none-eabi/10.3.1/../../../arm-none-eabi/lib/thumb/v7e-m+fp/hard/libc_nano.a(lib_a-fflush.o)
 .ARM.attributes
                0x0000000000000d8d       0x34 /usr/lib/gcc/arm-none-eabi/10.3.1/../../../arm-none-eabi/lib/thumb/v7e-m+fp/hard/libc_nano.a(lib_a-fvwrite.o)
 .ARM.attributes
                0x0000000000000dc1       0x34 /usr/lib/gcc/arm-none-eabi/10.3.1/../../../arm-none-eabi/lib/thumb/v7e-m+fp/hard/libc_nano.a(lib_a-lseekr.o)
 .ARM.attributes
                0x0000000000000df5       0x34 /usr/lib/gcc/arm-none-eabi/10.3.1/../../../arm-none-eabi/lib/thumb/v7e-m+fp/hard/libc_nano.a(lib_a-makebuf.o)
 .ARM.attributes
                0x0000000000000e29       0x1c /usr/lib/gcc/arm-none-eabi/10.3.1/../../../arm-none-eabi/lib/thumb/v7e-m+fp/hard/libc_nano.a(lib_a-memchr.o)
 .ARM.attributes
                0x0000000000000e45       0x34 /usr/lib/gcc/arm-none-eabi/10.3.1/../../../arm-none-eabi/lib/thumb/v7e-m+fp/hard/libc_nano.a(lib_a-memmove.o)
 .ARM.attributes
                0x0000000000000e79       0x34 /usr/lib/gcc/arm-none-eabi/10.3.1/../../../arm-none-eabi/lib/thumb/v7e-m+fp/hard/libc_nano.a(lib_a-nano-reallocr.o)
 .ARM.attributes
                0x0000000000000ead       0x34 /usr/lib/gcc/arm-none-eabi/10.3.1/../../../arm-none-eabi/lib/thumb/v7e-m+fp/hard/libc_nano.a(lib_a-readr.o)
 .ARM.attributes
                0x0000000000000ee1       0x34 /usr/lib/gcc/arm-none-eabi/10.3.1/../../../arm-none-eabi/lib/thumb/v7e-m+fp/hard/libc_nano.a(lib_a-fstatr.o)
 .ARM.attributes
                0x0000000000000f15       0x34 /usr/lib/gcc/arm-none-eabi/10.3.1/../../../arm-none-eabi/lib/thumb/v7e-m+fp/hard/libc_nano.a(lib_a-isattyr.o)
 .ARM.attributes
                0x0000000000000f49       0x34 /usr/lib/gcc/arm-none-eabi/10.3.1/../../../arm-none-eabi/lib/thumb/v7e-m+fp/hard/libc_nano.a(lib_a-nano-msizer.o)
 .ARM.attributes
                0x0000000000000f7d       0x34 /usr/lib/gcc/arm-none-eabi/10.3.1/../../../arm-none-eabi/lib/thumb/v7e-m+fp/hard/libm.a(lib_a-wf_asin.o)
 .ARM.attributes
                0x0000000000000fb1       0x34 /usr/lib/gcc/arm-none-eabi/10.3.1/../../../arm-none-eabi/lib/thumb/v7e-m+fp/hard/libm.a(lib_a-wf_atan2.o)
 .ARM.attributes
                0x0000000000000fe5       0x34 /usr/lib/gcc/arm-none-eabi/10.3.1/../../../arm-none-eabi/lib/thumb/v7e-m+fp/hard/libm.a(lib_a-wf_pow.o)
 .ARM.attributes
                0x0000000000001019       0x34 /usr/lib/gcc/arm-none-eabi/10.3.1/../../../arm-none-eabi/lib/thumb/v7e-m+fp/hard/libm.a(lib_a-ef_asin.o)
 .ARM.attributes
                0x000000000000104d       0x34 /usr/lib/gcc/arm-none-eabi/10.3.1/../../../arm-none-eabi/lib/thumb/v7e-m+fp/hard/libm.a(lib_a-ef_atan2.o)
 .ARM.attributes
                0x0000000000001081       0x34 /usr/lib/gcc/arm-none-eabi/10.3.1/../../../arm-none-eabi/lib/thumb/v7e-m+fp/hard/libm.a(lib_a-ef_pow.o)
 .ARM.attributes
                0x00000000000010b5       0x34 /usr/lib/gcc/arm-none-eabi/10.3.1/../../../arm-none-eabi/lib/thumb/v7e-m+fp/hard/libm.a(lib_a-ef_sqrt.o)
 .ARM.attributes
                0x00000000000010e9       0x32 /usr/lib/gcc/arm-none-eabi/10.3.1/../../../arm-none-eabi/lib/thumb/v7e-m+fp/hard/libm.a(lib_a-s_lib_ver.o)
 .ARM.attributes
                0x000000000000111b       0x34 /usr/lib/gcc/arm-none-eabi/10.3.1/../../../arm-none-eabi/lib/thumb/v7e-m+fp/hard/libm.a(lib_a-sf_atan.o)
 .ARM.attributes
                0x000000000000114f       0x34 /usr/lib/gcc/arm-none-eabi/10.3.1/../../../arm-none-eabi/lib/thumb/v7e-m+fp/hard/libm.a(lib_a-sf_fabs.o)
 .ARM.attributes
                0x0000000000001183       0x34 /usr/lib/gcc/arm-none-eabi/10.3.1/../../../arm-none-eabi/lib/thumb/v7e-m+fp/hard/libm.a(lib_a-sf_finite.o)
 .ARM.attributes
                0x00000000000011b7       0x34 /usr/lib/gcc/arm-none-eabi/10.3.1/../../../arm-none-eabi/lib/thumb/v7e-m+fp/hard/libm.a(lib_a-sf_nan.o)
 .ARM.attributes
                0x00000000000011eb       0x34 /usr/lib/gcc/arm-none-eabi/10.3.1/../../../arm-none-eabi/lib/thumb/v7e-m+fp/hard/libm.a(lib_a-sf_rint.o)
 .ARM.attributes
                0x000000000000121f       0x34 /usr/lib/gcc/arm-none-eabi/10.3.1/../../../arm-none-eabi/lib/thumb/v7e-m+fp/hard/libm.a(lib_a-sf_scalbn.o)
 .ARM.attributes
                0x0000000000001253       0x34 /usr/lib/gcc/arm-none-eabi/10.3.1/../../../arm-none-eabi/lib/thumb/v7e-m+fp/hard/libnosys.a(close.o)
 .ARM.attributes
                0x0000000000001287       0x34 /usr/lib/gcc/arm-none-eabi/10.3.1/../../../arm-none-eabi/lib/thumb/v7e-m+fp/hard/libnosys.a(fstat.o)
 .ARM.attributes
                0x00000000000012bb       0x34 /usr/lib/gcc/arm-none-eabi/10.3.1/../../../arm-none-eabi/lib/thumb/v7e-m+fp/hard/libnosys.a(isatty.o)
 .ARM.attributes
                0x00000000000012ef       0x34 /usr/lib/gcc/arm-none-eabi/10.3.1/../../../arm-none-eabi/lib/thumb/v7e-m+fp/hard/libnosys.a(lseek.o)
 .ARM.attributes
                0x0000000000001323       0x34 /usr/lib/gcc/arm-none-eabi/10.3.1/../../../arm-none-eabi/lib/thumb/v7e-m+fp/hard/libnosys.a(read.o)
 .ARM.attributes
                0x0000000000001357       0x34 /usr/lib/gcc/arm-none-eabi/10.3.1/../../../arm-none-eabi/lib/thumb/v7e-m+fp/hard/libnosys.a(sbrk.o)
 .ARM.attributes
                0x000000000000138b       0x34 /usr/lib/gcc/arm-none-eabi/10.3.1/../../../arm-none-eabi/lib/thumb/v7e-m+fp/hard/libnosys.a(write.o)
 .ARM.attributes
                0x00000000000013bf       0x1e /usr/lib/gcc/arm-none-eabi/10.3.1/thumb/v7e-m+fp/hard/libgcc.a(_arm_muldf3.o)
 .ARM.attributes
                0x00000000000013dd       0x1e /usr/lib/gcc/arm-none-eabi/10.3.1/thumb/v7e-m+fp/hard/libgcc.a(_arm_addsubdf3.o)
 .ARM.attributes
                0x00000000000013fb       0x1e /usr/lib/gcc/arm-none-eabi/10.3.1/thumb/v7e-m+fp/hard/libgcc.a(_arm_cmpdf2.o)
 .ARM.attributes
                0x0000000000001419       0x1e /usr/lib/gcc/arm-none-eabi/10.3.1/thumb/v7e-m+fp/hard/libgcc.a(_arm_truncdfsf2.o)
 .ARM.attributes
                0x0000000000001437       0x34 /usr/lib/gcc/arm-none-eabi/10.3.1/../../../arm-none-eabi/lib/thumb/v7e-m+fp/hard/libc_nano.a(lib_a-errno.o)
 .ARM.attributes
                0x000000000000146b       0x32 /usr/lib/gcc/arm-none-eabi/10.3.1/thumb/v7e-m+fp/hard/crtend.o
 .ARM.attributes
                0x000000000000149d       0x1e /usr/lib/gcc/arm-none-eabi/10.3.1/thumb/v7e-m+fp/hard/crtn.o
OUTPUT(build/cai_ji_flight.elf elf32-littlearm)
LOAD linker stubs
LOAD /usr/lib/gcc/arm-none-eabi/10.3.1/../../../arm-none-eabi/lib/thumb/v7e-m+fp/hard/libc.a
LOAD /usr/lib/gcc/arm-none-eabi/10.3.1/../../../arm-none-eabi/lib/thumb/v7e-m+fp/hard/libm.a
LOAD /usr/lib/gcc/arm-none-eabi/10.3.1/thumb/v7e-m+fp/hard/libgcc.a

.comment        0x0000000000000000       0x33
 .comment       0x0000000000000000       0x33 /usr/lib/gcc/arm-none-eabi/10.3.1/thumb/v7e-m+fp/hard/crtbegin.o
                                         0x34 (size before relaxing)
 .comment       0x0000000000000033       0x34 build/control.o
 .comment       0x0000000000000033       0x34 build/remote_task.o
 .comment       0x0000000000000033       0x34 build/filter.o
 .comment       0x0000000000000033       0x34 build/main.o
 .comment       0x0000000000000033       0x34 build/quaternion.o
 .comment       0x0000000000000033       0x34 build/pid.o
 .comment       0x0000000000000033       0x34 build/at32f4xx_it.o
 .comment       0x0000000000000033       0x34 build/circular_queue.o
 .comment       0x0000000000000033       0x34 build/common.o
 .comment       0x0000000000000033       0x34 build/system_at32f4xx.o
 .comment       0x0000000000000033       0x34 build/led.o
 .comment       0x0000000000000033       0x34 build/led_cfg.o
 .comment       0x0000000000000033       0x34 build/remote_data.o
 .comment       0x0000000000000033       0x34 build/spl06.o
 .comment       0x0000000000000033       0x34 build/spl06_cfg.o
 .comment       0x0000000000000033       0x34 build/motor_config.o
 .comment       0x0000000000000033       0x34 build/motor.o
 .comment       0x0000000000000033       0x34 build/mpu6050_config.o
 .comment       0x0000000000000033       0x34 build/mpu6050.o
 .comment       0x0000000000000033       0x34 build/pwm_hal.o
 .comment       0x0000000000000033       0x34 build/pwm_hal_config.o
 .comment       0x0000000000000033       0x34 build/simulation_i2c_config.o
 .comment       0x0000000000000033       0x34 build/simulation_i2c.o
 .comment       0x0000000000000033       0x34 build/usart_hal_config.o
 .comment       0x0000000000000033       0x34 build/usart_hal.o
 .comment       0x0000000000000033       0x34 build/i2c_hal.o
 .comment       0x0000000000000033       0x34 build/i2c_hal_config.o
 .comment       0x0000000000000033       0x34 build/timer_config.o
 .comment       0x0000000000000033       0x34 build/dma_config.o
 .comment       0x0000000000000033       0x34 build/usart_config.o
 .comment       0x0000000000000033       0x34 build/rcc_config.o
 .comment       0x0000000000000033       0x34 build/gpio_config.o
 .comment       0x0000000000000033       0x34 build/at32f4xx_rcc.o
 .comment       0x0000000000000033       0x34 build/at32f4xx_exti.o
 .comment       0x0000000000000033       0x34 build/at32f4xx_gpio_ex.o
 .comment       0x0000000000000033       0x34 build/at32f4xx_dma.o
 .comment       0x0000000000000033       0x34 build/at32f4xx_tim.o
 .comment       0x0000000000000033       0x34 build/misc.o
 .comment       0x0000000000000033       0x34 build/at32f4xx_usart.o
 .comment       0x0000000000000033       0x34 build/ibus.o
 .comment       0x0000000000000033       0x34 build/port.o
 .comment       0x0000000000000033       0x34 build/list.o
 .comment       0x0000000000000033       0x34 build/queue.o
 .comment       0x0000000000000033       0x34 build/tasks.o
 .comment       0x0000000000000033       0x34 build/heap_3.o
 .comment       0x0000000000000033       0x34 /usr/lib/gcc/arm-none-eabi/10.3.1/../../../arm-none-eabi/lib/thumb/v7e-m+fp/hard/libc_nano.a(lib_a-impure.o)
 .comment       0x0000000000000033       0x34 /usr/lib/gcc/arm-none-eabi/10.3.1/../../../arm-none-eabi/lib/thumb/v7e-m+fp/hard/libc_nano.a(lib_a-malloc.o)
 .comment       0x0000000000000033       0x34 /usr/lib/gcc/arm-none-eabi/10.3.1/../../../arm-none-eabi/lib/thumb/v7e-m+fp/hard/libc_nano.a(lib_a-memset.o)
 .comment       0x0000000000000033       0x34 /usr/lib/gcc/arm-none-eabi/10.3.1/../../../arm-none-eabi/lib/thumb/v7e-m+fp/hard/libc_nano.a(lib_a-nano-freer.o)
 .comment       0x0000000000000033       0x34 /usr/lib/gcc/arm-none-eabi/10.3.1/../../../arm-none-eabi/lib/thumb/v7e-m+fp/hard/libc_nano.a(lib_a-nano-mallocr.o)
 .comment       0x0000000000000033       0x34 /usr/lib/gcc/arm-none-eabi/10.3.1/../../../arm-none-eabi/lib/thumb/v7e-m+fp/hard/libc_nano.a(lib_a-printf.o)
 .comment       0x0000000000000033       0x34 /usr/lib/gcc/arm-none-eabi/10.3.1/../../../arm-none-eabi/lib/thumb/v7e-m+fp/hard/libc_nano.a(lib_a-sbrkr.o)
 .comment       0x0000000000000033       0x34 /usr/lib/gcc/arm-none-eabi/10.3.1/../../../arm-none-eabi/lib/thumb/v7e-m+fp/hard/libc_nano.a(lib_a-findfp.o)
 .comment       0x0000000000000033       0x34 /usr/lib/gcc/arm-none-eabi/10.3.1/../../../arm-none-eabi/lib/thumb/v7e-m+fp/hard/libc_nano.a(lib_a-fwalk.o)
 .comment       0x0000000000000033       0x34 /usr/lib/gcc/arm-none-eabi/10.3.1/../../../arm-none-eabi/lib/thumb/v7e-m+fp/hard/libc_nano.a(lib_a-mlock.o)
 .comment       0x0000000000000033       0x34 /usr/lib/gcc/arm-none-eabi/10.3.1/../../../arm-none-eabi/lib/thumb/v7e-m+fp/hard/libc_nano.a(lib_a-nano-vfprintf.o)
 .comment       0x0000000000000033       0x34 /usr/lib/gcc/arm-none-eabi/10.3.1/../../../arm-none-eabi/lib/thumb/v7e-m+fp/hard/libc_nano.a(lib_a-nano-vfprintf_i.o)
 .comment       0x0000000000000033       0x34 /usr/lib/gcc/arm-none-eabi/10.3.1/../../../arm-none-eabi/lib/thumb/v7e-m+fp/hard/libc_nano.a(lib_a-reent.o)
 .comment       0x0000000000000033       0x34 /usr/lib/gcc/arm-none-eabi/10.3.1/../../../arm-none-eabi/lib/thumb/v7e-m+fp/hard/libc_nano.a(lib_a-stdio.o)
 .comment       0x0000000000000033       0x34 /usr/lib/gcc/arm-none-eabi/10.3.1/../../../arm-none-eabi/lib/thumb/v7e-m+fp/hard/libc_nano.a(lib_a-wbuf.o)
 .comment       0x0000000000000033       0x34 /usr/lib/gcc/arm-none-eabi/10.3.1/../../../arm-none-eabi/lib/thumb/v7e-m+fp/hard/libc_nano.a(lib_a-writer.o)
 .comment       0x0000000000000033       0x34 /usr/lib/gcc/arm-none-eabi/10.3.1/../../../arm-none-eabi/lib/thumb/v7e-m+fp/hard/libc_nano.a(lib_a-wsetup.o)
 .comment       0x0000000000000033       0x34 /usr/lib/gcc/arm-none-eabi/10.3.1/../../../arm-none-eabi/lib/thumb/v7e-m+fp/hard/libc_nano.a(lib_a-closer.o)
 .comment       0x0000000000000033       0x34 /usr/lib/gcc/arm-none-eabi/10.3.1/../../../arm-none-eabi/lib/thumb/v7e-m+fp/hard/libc_nano.a(lib_a-fflush.o)
 .comment       0x0000000000000033       0x34 /usr/lib/gcc/arm-none-eabi/10.3.1/../../../arm-none-eabi/lib/thumb/v7e-m+fp/hard/libc_nano.a(lib_a-fvwrite.o)
 .comment       0x0000000000000033       0x34 /usr/lib/gcc/arm-none-eabi/10.3.1/../../../arm-none-eabi/lib/thumb/v7e-m+fp/hard/libc_nano.a(lib_a-lseekr.o)
 .comment       0x0000000000000033       0x34 /usr/lib/gcc/arm-none-eabi/10.3.1/../../../arm-none-eabi/lib/thumb/v7e-m+fp/hard/libc_nano.a(lib_a-makebuf.o)
 .comment       0x0000000000000033       0x34 /usr/lib/gcc/arm-none-eabi/10.3.1/../../../arm-none-eabi/lib/thumb/v7e-m+fp/hard/libc_nano.a(lib_a-memmove.o)
 .comment       0x0000000000000033       0x34 /usr/lib/gcc/arm-none-eabi/10.3.1/../../../arm-none-eabi/lib/thumb/v7e-m+fp/hard/libc_nano.a(lib_a-nano-reallocr.o)
 .comment       0x0000000000000033       0x34 /usr/lib/gcc/arm-none-eabi/10.3.1/../../../arm-none-eabi/lib/thumb/v7e-m+fp/hard/libc_nano.a(lib_a-readr.o)
 .comment       0x0000000000000033       0x34 /usr/lib/gcc/arm-none-eabi/10.3.1/../../../arm-none-eabi/lib/thumb/v7e-m+fp/hard/libc_nano.a(lib_a-fstatr.o)
 .comment       0x0000000000000033       0x34 /usr/lib/gcc/arm-none-eabi/10.3.1/../../../arm-none-eabi/lib/thumb/v7e-m+fp/hard/libc_nano.a(lib_a-isattyr.o)
 .comment       0x0000000000000033       0x34 /usr/lib/gcc/arm-none-eabi/10.3.1/../../../arm-none-eabi/lib/thumb/v7e-m+fp/hard/libc_nano.a(lib_a-nano-msizer.o)
 .comment       0x0000000000000033       0x34 /usr/lib/gcc/arm-none-eabi/10.3.1/../../../arm-none-eabi/lib/thumb/v7e-m+fp/hard/libm.a(lib_a-wf_asin.o)
 .comment       0x0000000000000033       0x34 /usr/lib/gcc/arm-none-eabi/10.3.1/../../../arm-none-eabi/lib/thumb/v7e-m+fp/hard/libm.a(lib_a-wf_atan2.o)
 .comment       0x0000000000000033       0x34 /usr/lib/gcc/arm-none-eabi/10.3.1/../../../arm-none-eabi/lib/thumb/v7e-m+fp/hard/libm.a(lib_a-wf_pow.o)
 .comment       0x0000000000000033       0x34 /usr/lib/gcc/arm-none-eabi/10.3.1/../../../arm-none-eabi/lib/thumb/v7e-m+fp/hard/libm.a(lib_a-ef_asin.o)
 .comment       0x0000000000000033       0x34 /usr/lib/gcc/arm-none-eabi/10.3.1/../../../arm-none-eabi/lib/thumb/v7e-m+fp/hard/libm.a(lib_a-ef_atan2.o)
 .comment       0x0000000000000033       0x34 /usr/lib/gcc/arm-none-eabi/10.3.1/../../../arm-none-eabi/lib/thumb/v7e-m+fp/hard/libm.a(lib_a-ef_pow.o)
 .comment       0x0000000000000033       0x34 /usr/lib/gcc/arm-none-eabi/10.3.1/../../../arm-none-eabi/lib/thumb/v7e-m+fp/hard/libm.a(lib_a-ef_sqrt.o)
 .comment       0x0000000000000033       0x34 /usr/lib/gcc/arm-none-eabi/10.3.1/../../../arm-none-eabi/lib/thumb/v7e-m+fp/hard/libm.a(lib_a-s_lib_ver.o)
 .comment       0x0000000000000033       0x34 /usr/lib/gcc/arm-none-eabi/10.3.1/../../../arm-none-eabi/lib/thumb/v7e-m+fp/hard/libm.a(lib_a-sf_atan.o)
 .comment       0x0000000000000033       0x34 /usr/lib/gcc/arm-none-eabi/10.3.1/../../../arm-none-eabi/lib/thumb/v7e-m+fp/hard/libm.a(lib_a-sf_fabs.o)
 .comment       0x0000000000000033       0x34 /usr/lib/gcc/arm-none-eabi/10.3.1/../../../arm-none-eabi/lib/thumb/v7e-m+fp/hard/libm.a(lib_a-sf_finite.o)
 .comment       0x0000000000000033       0x34 /usr/lib/gcc/arm-none-eabi/10.3.1/../../../arm-none-eabi/lib/thumb/v7e-m+fp/hard/libm.a(lib_a-sf_nan.o)
 .comment       0x0000000000000033       0x34 /usr/lib/gcc/arm-none-eabi/10.3.1/../../../arm-none-eabi/lib/thumb/v7e-m+fp/hard/libm.a(lib_a-sf_rint.o)
 .comment       0x0000000000000033       0x34 /usr/lib/gcc/arm-none-eabi/10.3.1/../../../arm-none-eabi/lib/thumb/v7e-m+fp/hard/libm.a(lib_a-sf_scalbn.o)
 .comment       0x0000000000000033       0x34 /usr/lib/gcc/arm-none-eabi/10.3.1/../../../arm-none-eabi/lib/thumb/v7e-m+fp/hard/libnosys.a(close.o)
 .comment       0x0000000000000033       0x34 /usr/lib/gcc/arm-none-eabi/10.3.1/../../../arm-none-eabi/lib/thumb/v7e-m+fp/hard/libnosys.a(fstat.o)
 .comment       0x0000000000000033       0x34 /usr/lib/gcc/arm-none-eabi/10.3.1/../../../arm-none-eabi/lib/thumb/v7e-m+fp/hard/libnosys.a(isatty.o)
 .comment       0x0000000000000033       0x34 /usr/lib/gcc/arm-none-eabi/10.3.1/../../../arm-none-eabi/lib/thumb/v7e-m+fp/hard/libnosys.a(lseek.o)
 .comment       0x0000000000000033       0x34 /usr/lib/gcc/arm-none-eabi/10.3.1/../../../arm-none-eabi/lib/thumb/v7e-m+fp/hard/libnosys.a(read.o)
 .comment       0x0000000000000033       0x34 /usr/lib/gcc/arm-none-eabi/10.3.1/../../../arm-none-eabi/lib/thumb/v7e-m+fp/hard/libnosys.a(sbrk.o)
 .comment       0x0000000000000033       0x34 /usr/lib/gcc/arm-none-eabi/10.3.1/../../../arm-none-eabi/lib/thumb/v7e-m+fp/hard/libnosys.a(write.o)
 .comment       0x0000000000000033       0x34 /usr/lib/gcc/arm-none-eabi/10.3.1/../../../arm-none-eabi/lib/thumb/v7e-m+fp/hard/libc_nano.a(lib_a-errno.o)
 .comment       0x0000000000000033       0x34 /usr/lib/gcc/arm-none-eabi/10.3.1/thumb/v7e-m+fp/hard/crtend.o

.debug_info     0x0000000000000000    0x28552
 .debug_info    0x0000000000000000     0x1b9a build/control.o
 .debug_info    0x0000000000001b9a      0x663 build/remote_task.o
 .debug_info    0x00000000000021fd      0x7a5 build/filter.o
 .debug_info    0x00000000000029a2     0x1478 build/main.o
 .debug_info    0x0000000000003e1a      0x847 build/quaternion.o
 .debug_info    0x0000000000004661      0x346 build/pid.o
 .debug_info    0x00000000000049a7      0x7af build/at32f4xx_it.o
 .debug_info    0x0000000000005156      0x207 build/circular_queue.o
 .debug_info    0x000000000000535d      0x113 build/common.o
 .debug_info    0x0000000000005470      0x897 build/system_at32f4xx.o
 .debug_info    0x0000000000005d07      0x10a build/led.o
 .debug_info    0x0000000000005e11      0x3d5 build/led_cfg.o
 .debug_info    0x00000000000061e6      0x268 build/remote_data.o
 .debug_info    0x000000000000644e      0x959 build/spl06.o
 .debug_info    0x0000000000006da7      0x533 build/spl06_cfg.o
 .debug_info    0x00000000000072da      0x278 build/motor_config.o
 .debug_info    0x0000000000007552      0x11b build/motor.o
 .debug_info    0x000000000000766d      0x3b5 build/mpu6050_config.o
 .debug_info    0x0000000000007a22      0x535 build/mpu6050.o
 .debug_info    0x0000000000007f57      0x10a build/pwm_hal.o
 .debug_info    0x0000000000008061      0x4ab build/pwm_hal_config.o
 .debug_info    0x000000000000850c      0x457 build/simulation_i2c_config.o
 .debug_info    0x0000000000008963      0x81d build/simulation_i2c.o
 .debug_info    0x0000000000009180      0x41f build/usart_hal_config.o
 .debug_info    0x000000000000959f      0x229 build/usart_hal.o
 .debug_info    0x00000000000097c8      0x2e7 build/i2c_hal.o
 .debug_info    0x0000000000009aaf      0x35a build/i2c_hal_config.o
 .debug_info    0x0000000000009e09      0x571 build/timer_config.o
 .debug_info    0x000000000000a37a      0x6a9 build/dma_config.o
 .debug_info    0x000000000000aa23      0x670 build/usart_config.o
 .debug_info    0x000000000000b093      0x15c build/rcc_config.o
 .debug_info    0x000000000000b1ef      0x570 build/gpio_config.o
 .debug_info    0x000000000000b75f      0xdb1 build/at32f4xx_rcc.o
 .debug_info    0x000000000000c510      0x39e build/at32f4xx_exti.o
 .debug_info    0x000000000000c8ae      0x7f3 build/at32f4xx_gpio_ex.o
 .debug_info    0x000000000000d0a1      0x58a build/at32f4xx_dma.o
 .debug_info    0x000000000000d62b     0x24d9 build/at32f4xx_tim.o
 .debug_info    0x000000000000fb04      0x5d3 build/misc.o
 .debug_info    0x00000000000100d7      0xc3e build/at32f4xx_usart.o
 .debug_info    0x0000000000010d15      0x29f build/ibus.o
 .debug_info    0x0000000000010fb4      0x378 build/port.o
 .debug_info    0x000000000001132c      0x2f8 build/list.o
 .debug_info    0x0000000000011624     0x1572 build/queue.o
 .debug_info    0x0000000000012b96     0x22bb build/tasks.o